number of clusters = 7
Cluster 0 (31) : 
0: Input vars: 32-to-32C(0x8), and 32-to-1(0x0) 

1: Input vars: 32-to-32C(0x8), and 32-to-1(0x0) 

2: Input vars: 32-to-32C(0x8), and 32-to-1(0x0) 

5: Input vars: 32-to-32C(0x8), and 32-to-1(0x0) 

6: Input vars: 32-to-32C(0x8), and 32-to-1(0x0) 

9: Input vars: 32-to-32C(0x1), and 32-to-1(0x0) 

10: Input vars: 32-to-32C(0x8), and 32-to-1(0x0) 

11: Input vars: 32-to-32C(0x8), and 32-to-1(0x0) 

12: Input vars: 32-to-32C(0x8), and 32-to-1(0x0) 

13: Input vars: 32-to-32C(0xc), and 32-to-1(0x0) 

15: Input vars: 32-to-32C(0x8), and 32-to-1(0x0) 

16: Input vars: 32-to-32C(0x8), and 32-to-1(0x0) 

17: Input vars: 32-to-32C(0x8), and 32-to-1(0x0) 

19: Input vars: 32-to-32C(0x8), and 32-to-1(0x0) 

21: Input vars: 32-to-32C(0x8), and 32-to-1(0x0) 

22: Input vars: 32-to-32C(0x8), and 32-to-1(0x0) 

23: Input vars: 32-to-32C(0x8), and 32-to-1(0x0) 

24: Input vars: 32-to-32C(0x8), and 32-to-1(0x0) 

25: Input vars: 32-to-32C(0x1), and 32-to-1(0x0) 

26: Input vars: 32-to-32C(0x8), and 32-to-1(0x0) 

28: Input vars: 32-to-32C(0x8), and 32-to-1(0x0) 

29: Input vars: 32-to-32C(0xc), and 32-to-1(0x0) 

30: Input vars: 32-to-32C(0x1), and 32-to-1(0x0) 

31: Input vars: 32-to-32C(0x8), and 32-to-1(0x0) 

32: Input vars: 32-to-32C(0xc), and 32-to-1(0x0) 

35: Input vars: 32-to-32C(0x8), and 32-to-1(0x0) 

36: Input vars: 32-to-32C(0x8), and 32-to-1(0x0) 

37: Input vars: 32-to-32C(0xc), and 32-to-1(0x0) 

38: Input vars: 32-to-32C(0x0), and 32-to-1(0x0) 

39: Input vars: 32-to-32C(0x8), and 32-to-1(0x0) 

40: Input vars: 32-to-32C(0x8), and 32-to-1(0x0) 

Cluster 1 (2) : 
3: Input vars: 8-to-32S(0x1), and 32-to-1(0x0) 

18: Input vars: 8-to-32S(0x1), and 32-to-1(0x0) 

Cluster 2 (1) : 
4: Input vars: 1-to-32S(0x0), and 32-to-1(0x0) 

Cluster 3 (1) : 
7: Input vars: 32-to-32C(0x4), and 32-to-1(0x0) 

Cluster 4 (3) : 
8: Input vars: 8-to-32S(0x0), and 32-to-1(0x0) 

14: Input vars: 8-to-32S(0x0), and 32-to-1(0x0) 

20: Input vars: 8-to-32S(0x0), and 32-to-1(0x0) 

Cluster 5 (2) : 
27: Input vars: 1-to-32S(0x5), and 32-to-1(0x0) 

33: Input vars: 1-to-32S(0x5), and 32-to-1(0x0) 

Cluster 6 (1) : 
34: Input vars: (0x0), and 32-to-1(0x0) 

