number of clusters = 18
Cluster 0 (54) : 
0: Input vars: 32-to-1(0x6), const(0x0), and (0x0) 

1: Input vars: 32-to-1(0x6), 1-to-32S(0x6), and 1-to-32Z(0x0) 

4: Input vars: (0x2), const(0xff800000), and 1-to-32S(0x0) 

10: Input vars: 32-to-1(0x6), const(0x0), and (0x0) 

14: Input vars: 32-to-1(0x6), const(0x0), and (0x0) 

22: Input vars: 32-to-1(0xc), 1-to-32S(0x3), and (0x0) 

26: Input vars: 32-to-1(0x6), 1-to-32S(0x6), and 1-to-32Z(0x0) 

57: Input vars: 32-to-1(0x6), 1-to-32S(0x6), and 1-to-32Z(0x0) 

58: Input vars: 32-to-1(0xc), 1-to-32S(0x3), and 1-to-32Z(0x0) 

59: Input vars: 32-to-1(0x6), const(0x0), and (0x0) 

63: Input vars: 32-to-1(0x1), const(0x0), and (0x0) 

71: Input vars: 32-to-1(0x0), 1-to-32S(0x0), and (0x0) 

77: Input vars: 32-to-1(0xc), 1-to-32S(0x3), and (0x0) 

88: Input vars: 32-to-1(0x3), const(0x0), and (0x0) 

89: Input vars: 32-to-1(0xc), 1-to-32S(0x3), and (0x0) 

99: Input vars: 32-to-1(0xc), 1-to-32S(0x3), and 1-to-32Z(0x0) 

100: Input vars: 32-to-1(0x1), 1-to-32S(0x1), and (0x0) 

109: Input vars: 32-to-1(0x0), 1-to-32S(0x0), and (0x0) 

110: Input vars: 32-to-1(0x6), const(0x0), and (0x0) 

117: Input vars: 32-to-1(0x6), const(0x0), and (0x0) 

118: Input vars: 32-to-1(0xc), 1-to-32S(0x3), and (0x0) 

128: Input vars: 32-to-1(0x6), const(0x0), and (0x0) 

141: Input vars: 32-to-1(0xc), 1-to-32S(0x3), and (0x0) 

159: Input vars: (0x2), const(0xff800000), and 1-to-32S(0x0) 

165: Input vars: 32-to-1(0x0), 1-to-32S(0x0), and (0x0) 

169: Input vars: 32-to-1(0x6), const(0x0), and (0x0) 

179: Input vars: 32-to-1(0x3), const(0x0), and (0x0) 

187: Input vars: 32-to-1(0x6), const(0x0), and (0x0) 

188: Input vars: 32-to-1(0x0), 1-to-32S(0x0), and (0x0) 

189: Input vars: 32-to-1(0x6), 1-to-32S(0x6), and 1-to-32Z(0x0) 

199: Input vars: 32-to-1(0x6), 1-to-32S(0x6), and 1-to-32Z(0x0) 

207: Input vars: 32-to-1(0x6), const(0x0), and (0x0) 

208: Input vars: 32-to-1(0x6), 1-to-32S(0x6), and 1-to-32Z(0x0) 

211: Input vars: 32-to-32C(0x2), const(0x7f800000), and 1-to-32S(0x0) 

217: Input vars: 32-to-1(0x0), 1-to-32S(0x0), and (0x0) 

218: Input vars: 32-to-1(0x0), 1-to-32S(0x0), and (0x0) 

219: Input vars: 32-to-1(0x0), 1-to-32S(0x0), and (0x0) 

228: Input vars: 32-to-1(0x6), 1-to-32S(0x6), and 1-to-32Z(0x0) 

239: Input vars: 32-to-1(0x0), 1-to-32S(0x0), and (0x0) 

240: Input vars: 32-to-1(0x0), 1-to-32S(0x0), and (0x0) 

241: Input vars: 32-to-1(0x6), const(0x0), and (0x0) 

257: Input vars: 32-to-1(0x6), 1-to-32S(0x6), and 1-to-32Z(0x0) 

258: Input vars: 32-to-1(0xc), 1-to-32S(0x3), and (0x0) 

260: Input vars: 32-to-1(0x5), const(0x0), and (0x0) 

261: Input vars: 32-to-1(0x6), const(0x0), and (0x0) 

269: Input vars: 32-to-1(0x6), const(0x0), and (0x0) 

270: Input vars: 32-to-1(0x0), 1-to-32S(0x0), and (0x0) 

283: Input vars: (0x0), const(0xefffffff), and 1-to-32S(0x0) 

291: Input vars: (0x0), const(0xefffffff), and 1-to-32S(0x0) 

294: Input vars: 32-to-1(0x0), 1-to-32S(0x0), and (0x0) 

305: Input vars: 32-to-1(0x0), const(0x0), and (0x0) 

307: Input vars: 32-to-1(0x1), const(0x0), and (0x0) 

309: Input vars: (0x0), const(0xefffffff), and 1-to-32S(0x0) 

322: Input vars: 32-to-1(0x3), const(0x0), and (0x0) 

Cluster 1 (206) : 
2: Input vars: const(0x0), 32-to-32C(0x6), and 1-to-32S(0x0) 

3: Input vars: const(0x0), 32-to-32C(0x3), and 1-to-32S(0x0) 

5: Input vars: const(0x0), 32-to-32C(0x3), and 1-to-32S(0x0) 

6: Input vars: const(0x0), 32-to-32C(0x2), and 1-to-32S(0x0) 

7: Input vars: (0x0), const(0xffffffff), and 1-to-32S(0x0) 

8: Input vars: const(0x0), 32-to-32C(0x5), and 1-to-32S(0x0) 

9: Input vars: const(0x0), 32-to-32C(0x5), and 1-to-32S(0x0) 

12: Input vars: (0x0), const(0xffffffff), and 1-to-32S(0x0) 

13: Input vars: const(0x0), 32-to-32C(0x3), and 1-to-32S(0x0) 

16: Input vars: const(0x0), 32-to-32C(0x5), and 1-to-32S(0x0) 

17: Input vars: const(0x0), 32-to-32C(0x2), and 1-to-32S(0x0) 

18: Input vars: const(0x0), 32-to-32C(0x8), and 1-to-32S(0x0) 

19: Input vars: (0x0), const(0xffffffff), and 1-to-32S(0x0) 

20: Input vars: const(0x0), 32-to-32C(0x5), and 1-to-32S(0x0) 

21: Input vars: const(0x0), 32-to-32C(0x7), and 1-to-32S(0x0) 

23: Input vars: const(0x0), 32-to-32C(0x5), and 1-to-32S(0x0) 

25: Input vars: const(0x0), 32-to-32C(0x5), and 1-to-32S(0x0) 

27: Input vars: const(0x0), 32-to-32C(0x3), and 1-to-32S(0x0) 

28: Input vars: (0x0), const(0xffffffff), and 1-to-32S(0x0) 

29: Input vars: const(0x0), 32-to-32C(0x8), and 1-to-32S(0x0) 

30: Input vars: const(0x0), 32-to-32C(0x6), and 1-to-32S(0x0) 

31: Input vars: const(0x0), 32-to-32C(0x3), and 1-to-32S(0x0) 

32: Input vars: const(0x0), 32-to-32C(0x2), and 1-to-32S(0x0) 

33: Input vars: const(0x0), 32-to-32C(0x5), and 1-to-32S(0x0) 

35: Input vars: const(0x0), 32-to-32C(0xa), and 1-to-32S(0x0) 

40: Input vars: const(0x0), 32-to-32C(0x2), and 1-to-32S(0x0) 

41: Input vars: const(0x0), 32-to-32C(0x3), and 1-to-32S(0x0) 

42: Input vars: const(0x0), 32-to-32C(0x2), and 1-to-32S(0x0) 

43: Input vars: const(0x0), 32-to-32C(0x5), and 1-to-32S(0x0) 

44: Input vars: const(0x0), 32-to-32C(0x2), and 1-to-32S(0x0) 

45: Input vars: const(0x0), 32-to-32C(0xc), and 1-to-32S(0x0) 

49: Input vars: const(0x0), 32-to-32C(0x3), and 1-to-32S(0x0) 

50: Input vars: (0x0), const(0xffffffff), and 1-to-32S(0x0) 

51: Input vars: const(0x0), 32-to-32C(0x8), and 1-to-32S(0x0) 

52: Input vars: const(0x0), 32-to-32C(0x2), and 1-to-32S(0x0) 

54: Input vars: const(0x0), 32-to-32C(0x3), and 1-to-32S(0x0) 

55: Input vars: const(0x0), 32-to-32C(0x2), and 1-to-32S(0x0) 

56: Input vars: const(0x0), 32-to-32C(0x7), and 1-to-32S(0x0) 

60: Input vars: const(0x0), 32-to-32C(0xb), and 1-to-32S(0x0) 

64: Input vars: const(0x0), 32-to-32C(0x8), and 1-to-32S(0x0) 

65: Input vars: (0x0), const(0xffffffff), and 1-to-32S(0x0) 

66: Input vars: const(0x0), 32-to-32C(0x8), and 1-to-32S(0x0) 

67: Input vars: const(0x0), 32-to-32C(0x3), and 1-to-32S(0x0) 

68: Input vars: const(0x0), 32-to-32C(0xb), and 1-to-32S(0x0) 

69: Input vars: const(0x0), 32-to-32C(0x5), and 1-to-32S(0x0) 

70: Input vars: const(0x0), 32-to-32C(0x5), and 1-to-32S(0x0) 

73: Input vars: const(0x0), 32-to-32C(0x3), and 1-to-32S(0x0) 

74: Input vars: const(0x0), 32-to-32C(0x2), and 1-to-32S(0x0) 

75: Input vars: const(0x0), 32-to-32C(0x2), and 1-to-32S(0x0) 

76: Input vars: const(0x0), 32-to-32C(0x3), and 1-to-32S(0x0) 

78: Input vars: (0x0), const(0xffffffff), and 1-to-32S(0x0) 

80: Input vars: const(0x0), 32-to-32C(0x3), and 1-to-32S(0x0) 

81: Input vars: const(0x0), 32-to-32C(0x2), and 1-to-32S(0x0) 

82: Input vars: const(0x0), 32-to-32C(0x7), and 1-to-32S(0x0) 

83: Input vars: const(0x0), 32-to-32C(0x7), and 1-to-32S(0x0) 

84: Input vars: const(0x0), 32-to-32C(0x5), and 1-to-32S(0x0) 

85: Input vars: const(0x0), 32-to-32C(0x3), and 1-to-32S(0x0) 

86: Input vars: const(0x0), 32-to-32C(0x2), and 1-to-32S(0x0) 

87: Input vars: const(0x0), 32-to-32C(0x5), and 1-to-32S(0x0) 

90: Input vars: const(0x0), 32-to-32C(0xa), and 1-to-32S(0x0) 

93: Input vars: const(0x0), 32-to-32C(0xa), and 1-to-32S(0x0) 

94: Input vars: const(0x0), 32-to-32C(0x3), and 1-to-32S(0x0) 

97: Input vars: const(0x0), 32-to-32C(0x2), and 1-to-32S(0x0) 

98: Input vars: const(0x0), 32-to-32C(0x5), and 1-to-32S(0x0) 

102: Input vars: const(0x0), 32-to-32C(0x5), and 1-to-32S(0x0) 

104: Input vars: const(0x0), 32-to-32C(0x2), and 1-to-32S(0x0) 

105: Input vars: const(0x0), 32-to-32C(0x3), and 1-to-32S(0x0) 

106: Input vars: const(0x0), 32-to-32C(0x2), and 1-to-32S(0x0) 

108: Input vars: const(0x0), 32-to-32C(0x5), and 1-to-32S(0x0) 

112: Input vars: const(0x0), 32-to-32C(0x3), and 1-to-32S(0x0) 

113: Input vars: const(0x0), 32-to-32C(0x3), and 1-to-32S(0x0) 

114: Input vars: const(0x0), 32-to-32C(0x2), and 1-to-32S(0x0) 

115: Input vars: const(0x0), 32-to-32C(0x5), and 1-to-32S(0x0) 

116: Input vars: const(0x0), 32-to-32C(0x2), and 1-to-32S(0x0) 

119: Input vars: const(0x0), 32-to-32C(0xb), and 1-to-32S(0x0) 

120: Input vars: const(0x0), 32-to-32C(0x3), and 1-to-32S(0x0) 

121: Input vars: const(0x0), 32-to-32C(0x7), and 1-to-32S(0x0) 

124: Input vars: const(0x0), 32-to-32C(0x5), and 1-to-32S(0x0) 

125: Input vars: const(0x0), 32-to-32C(0xb), and 1-to-32S(0x0) 

126: Input vars: (0x0), const(0xffffffff), and 1-to-32S(0x0) 

127: Input vars: const(0x0), 32-to-32C(0x3), and 1-to-32S(0x0) 

129: Input vars: (0x0), const(0xffffffff), and 1-to-32S(0x0) 

130: Input vars: const(0x0), 32-to-32C(0x2), and 1-to-32S(0x0) 

131: Input vars: const(0x0), 32-to-32C(0x2), and 1-to-32S(0x0) 

132: Input vars: (0x0), const(0xffffffff), and 1-to-32S(0x0) 

135: Input vars: const(0x0), 32-to-32C(0xb), and 1-to-32S(0x0) 

137: Input vars: const(0x0), 32-to-32C(0x3), and 1-to-32S(0x0) 

138: Input vars: const(0x0), 32-to-32C(0x8), and 1-to-32S(0x0) 

139: Input vars: const(0x0), 32-to-32C(0x5), and 1-to-32S(0x0) 

140: Input vars: const(0x0), 32-to-32C(0x2), and 1-to-32S(0x0) 

142: Input vars: const(0x0), 32-to-32C(0x5), and 1-to-32S(0x0) 

143: Input vars: const(0x0), 32-to-32C(0xa), and 1-to-32S(0x0) 

144: Input vars: (0x0), const(0xffffffff), and 1-to-32S(0x0) 

145: Input vars: const(0x0), 32-to-32C(0xa), and 1-to-32S(0x0) 

146: Input vars: const(0x0), 32-to-32C(0x8), and 1-to-32S(0x0) 

147: Input vars: const(0x0), 32-to-32C(0x8), and 1-to-32S(0x0) 

149: Input vars: const(0x0), 32-to-32C(0x2), and 1-to-32S(0x0) 

150: Input vars: (0x0), const(0xffffffff), and 1-to-32S(0x0) 

151: Input vars: const(0x0), 32-to-32C(0x5), and 1-to-32S(0x0) 

152: Input vars: const(0x0), 32-to-32C(0x3), and 1-to-32S(0x0) 

153: Input vars: const(0x0), 32-to-32C(0x3), and 1-to-32S(0x0) 

157: Input vars: const(0x0), 32-to-32C(0x8), and 1-to-32S(0x0) 

158: Input vars: const(0x0), 32-to-32C(0x8), and 1-to-32S(0x0) 

161: Input vars: const(0x0), 32-to-32C(0x3), and 1-to-32S(0x0) 

162: Input vars: const(0x0), 32-to-32C(0xc), and 1-to-32S(0x0) 

163: Input vars: const(0x0), 32-to-32C(0x2), and 1-to-32S(0x0) 

164: Input vars: const(0x0), 32-to-32C(0x3), and 1-to-32S(0x0) 

166: Input vars: const(0x0), 32-to-32C(0x2), and 1-to-32S(0x0) 

168: Input vars: const(0x0), 32-to-32C(0xa), and 1-to-32S(0x0) 

170: Input vars: const(0x0), 32-to-32C(0xb), and 1-to-32S(0x0) 

172: Input vars: const(0x0), 32-to-32C(0x2), and 1-to-32S(0x0) 

173: Input vars: (0x0), const(0xffffffff), and 1-to-32S(0x0) 

174: Input vars: (0x0), const(0xffffffff), and 1-to-32S(0x0) 

175: Input vars: const(0x0), 32-to-32C(0x3), and 1-to-32S(0x0) 

176: Input vars: const(0x0), 32-to-32C(0x3), and 1-to-32S(0x0) 

177: Input vars: const(0x0), 32-to-32C(0x5), and 1-to-32S(0x0) 

178: Input vars: const(0x0), 32-to-32C(0x2), and 1-to-32S(0x0) 

180: Input vars: const(0x1), 32-to-32C(0xa), and 1-to-32S(0x0) 

181: Input vars: const(0x0), 32-to-32C(0xa), and 1-to-32S(0x0) 

183: Input vars: const(0x0), 32-to-32C(0xc), and 1-to-32S(0x0) 

184: Input vars: const(0x0), 32-to-32C(0x2), and 1-to-32S(0x0) 

185: Input vars: const(0x0), 32-to-32C(0x3), and 1-to-32S(0x0) 

186: Input vars: const(0x0), 32-to-32C(0x8), and 1-to-32S(0x0) 

192: Input vars: const(0x0), 32-to-32C(0x3), and 1-to-32S(0x0) 

193: Input vars: const(0x0), 32-to-32C(0x3), and 1-to-32S(0x0) 

194: Input vars: const(0x0), 32-to-32C(0x3), and 1-to-32S(0x0) 

195: Input vars: const(0x0), 32-to-32C(0x5), and 1-to-32S(0x0) 

197: Input vars: const(0x0), 32-to-32C(0x2), and 1-to-32S(0x0) 

198: Input vars: const(0x0), 32-to-32C(0x2), and 1-to-32S(0x0) 

203: Input vars: const(0x0), 32-to-32C(0x2), and 1-to-32S(0x0) 

204: Input vars: const(0x0), 32-to-32C(0x3), and 1-to-32S(0x0) 

205: Input vars: const(0x0), 32-to-32C(0x3), and 1-to-32S(0x0) 

206: Input vars: const(0x0), 32-to-32C(0x2), and 1-to-32S(0x0) 

210: Input vars: const(0x0), 32-to-32C(0x2), and 1-to-32S(0x0) 

212: Input vars: const(0x0), 32-to-32C(0x3), and 1-to-32S(0x0) 

213: Input vars: const(0x0), 32-to-32C(0x3), and 1-to-32S(0x0) 

214: Input vars: const(0x0), 32-to-32C(0xc), and 1-to-32S(0x0) 

215: Input vars: const(0x0), 32-to-32C(0x2), and 1-to-32S(0x0) 

216: Input vars: const(0x0), 32-to-32C(0x2), and 1-to-32S(0x0) 

221: Input vars: const(0x0), 32-to-32C(0x3), and 1-to-32S(0x0) 

223: Input vars: const(0x0), 32-to-32C(0x3), and 1-to-32S(0x0) 

224: Input vars: (0x0), const(0xffffffff), and 1-to-32S(0x0) 

225: Input vars: const(0x0), 32-to-32C(0x3), and 1-to-32S(0x0) 

226: Input vars: const(0x0), 32-to-32C(0x5), and 1-to-32S(0x0) 

229: Input vars: const(0x0), 32-to-32C(0xb), and 1-to-32S(0x0) 

231: Input vars: const(0x0), 32-to-32C(0xb), and 1-to-32S(0x0) 

232: Input vars: (0x0), const(0xffffffff), and 1-to-32S(0x0) 

233: Input vars: const(0x0), 32-to-32C(0x8), and 1-to-32S(0x0) 

234: Input vars: const(0x0), 32-to-32C(0x3), and 1-to-32S(0x0) 

235: Input vars: const(0x0), 32-to-32C(0x2), and 1-to-32S(0x0) 

236: Input vars: const(0x0), 32-to-32C(0x2), and 1-to-32S(0x0) 

237: Input vars: const(0x0), 32-to-32C(0x2), and 1-to-32S(0x0) 

238: Input vars: const(0x0), 32-to-32C(0x6), and 1-to-32S(0x0) 

242: Input vars: const(0x0), 32-to-32C(0xa), and 1-to-32S(0x0) 

243: Input vars: const(0x0), 32-to-32C(0x7), and 1-to-32S(0x0) 

245: Input vars: const(0x0), 32-to-32C(0xc), and 1-to-32S(0x0) 

246: Input vars: const(0x0), 32-to-32C(0x8), and 1-to-32S(0x0) 

247: Input vars: const(0x0), 32-to-32C(0x3), and 1-to-32S(0x0) 

248: Input vars: const(0x0), 32-to-32C(0xc), and 1-to-32S(0x0) 

249: Input vars: const(0x0), 32-to-32C(0x3), and 1-to-32S(0x0) 

251: Input vars: const(0x0), 32-to-32C(0x2), and 1-to-32S(0x0) 

252: Input vars: const(0x0), 32-to-32C(0x7), and 1-to-32S(0x0) 

253: Input vars: const(0x0), 32-to-32C(0x8), and 1-to-32S(0x0) 

254: Input vars: const(0x0), 32-to-32C(0x8), and 1-to-32S(0x0) 

255: Input vars: const(0x0), 32-to-32C(0x3), and 1-to-32S(0x0) 

256: Input vars: const(0x0), 32-to-32C(0x3), and 1-to-32S(0x0) 

259: Input vars: const(0x0), 32-to-32C(0x5), and 1-to-32S(0x0) 

264: Input vars: const(0x0), 32-to-32C(0x2), and 1-to-32S(0x0) 

265: Input vars: const(0x0), 32-to-32C(0x3), and 1-to-32S(0x0) 

272: Input vars: (0x0), const(0xffffffff), and 1-to-32S(0x0) 

274: Input vars: const(0x0), 32-to-32C(0x8), and 1-to-32S(0x0) 

275: Input vars: const(0x0), 32-to-32C(0x3), and 1-to-32S(0x0) 

278: Input vars: const(0x0), 32-to-32C(0x3), and 1-to-32S(0x0) 

279: Input vars: const(0x0), 32-to-32C(0x2), and 1-to-32S(0x0) 

280: Input vars: const(0x0), 32-to-32C(0x2), and 1-to-32S(0x0) 

281: Input vars: const(0x0), 32-to-32C(0x2), and 1-to-32S(0x0) 

284: Input vars: const(0x0), 32-to-32C(0xb), and 1-to-32S(0x0) 

285: Input vars: const(0x0), 32-to-32C(0x2), and 1-to-32S(0x0) 

286: Input vars: (0x0), const(0xffffffff), and 1-to-32S(0x0) 

287: Input vars: const(0x0), 32-to-32C(0x3), and 1-to-32S(0x0) 

288: Input vars: const(0x0), 32-to-32C(0xc), and 1-to-32S(0x0) 

289: Input vars: const(0x0), 32-to-32C(0x3), and 1-to-32S(0x0) 

295: Input vars: const(0x0), 32-to-32C(0x3), and 1-to-32S(0x0) 

297: Input vars: const(0x0), 32-to-32C(0x6), and 1-to-32S(0x0) 

299: Input vars: const(0x0), 32-to-32C(0x3), and 1-to-32S(0x0) 

300: Input vars: const(0x0), 32-to-32C(0x3), and 1-to-32S(0x0) 

301: Input vars: const(0x0), 32-to-32C(0x5), and 1-to-32S(0x0) 

302: Input vars: const(0x0), 32-to-32C(0x5), and 1-to-32S(0x0) 

303: Input vars: const(0x0), 32-to-32C(0x3), and 1-to-32S(0x0) 

308: Input vars: const(0x0), 32-to-32C(0x5), and 1-to-32S(0x0) 

310: Input vars: const(0x0), 32-to-32C(0x5), and 1-to-32S(0x0) 

311: Input vars: (0x0), const(0xffffffff), and 1-to-32S(0x0) 

312: Input vars: const(0x0), 32-to-32C(0x5), and 1-to-32S(0x0) 

313: Input vars: (0x0), const(0xffffffff), and 1-to-32S(0x0) 

314: Input vars: const(0x0), 32-to-32C(0x3), and 1-to-32S(0x0) 

315: Input vars: const(0x0), 32-to-32C(0x3), and 1-to-32S(0x0) 

316: Input vars: const(0x0), 32-to-32C(0x2), and 1-to-32S(0x0) 

317: Input vars: const(0x0), 32-to-32C(0x3), and 1-to-32S(0x0) 

318: Input vars: const(0x0), 32-to-32C(0x2), and 1-to-32S(0x0) 

319: Input vars: const(0x0), 32-to-32C(0x2), and 1-to-32S(0x0) 

321: Input vars: const(0x0), 32-to-32C(0x5), and 1-to-32S(0x0) 

325: Input vars: const(0x0), 32-to-32C(0x2), and 1-to-32S(0x0) 

326: Input vars: const(0x0), 32-to-32C(0x3), and 1-to-32S(0x0) 

327: Input vars: const(0x0), 32-to-32C(0x8), and 1-to-32S(0x0) 

328: Input vars: const(0x0), 32-to-32C(0x3), and 1-to-32S(0x0) 

329: Input vars: const(0x0), 32-to-32C(0x3), and 1-to-32S(0x0) 

Cluster 2 (9) : 
11: Input vars: const(0x0), 32-to-32C(0x4), and 1-to-32S(0x0) 

34: Input vars: const(0x7fffffec), (0x5), and 1-to-32S(0x0) 

39: Input vars: const(0x0), 32-to-32C(0x4), and 1-to-32S(0x0) 

122: Input vars: const(0x0), 32-to-32C(0x4), and 1-to-32S(0x0) 

182: Input vars: const(0x0), 32-to-32C(0x4), and 1-to-32S(0x0) 

220: Input vars: const(0x0), 32-to-32C(0x4), and 1-to-32S(0x0) 

266: Input vars: const(0x0), 32-to-32C(0x4), and 1-to-32S(0x0) 

267: Input vars: const(0x0), 32-to-32C(0x4), and 1-to-32S(0x0) 

298: Input vars: const(0x0), 32-to-32C(0x4), and 1-to-32S(0x0) 

Cluster 3 (31) : 
15: Input vars: const(0x0), 32-to-32C(0x8), and (0x0) 

24: Input vars: const(0x0), 32-to-32C(0x8), and (0x0) 

36: Input vars: const(0x0), 32-to-32C(0x8), and (0x0) 

47: Input vars: const(0x0), 32-to-32C(0x8), and (0x0) 

61: Input vars: const(0x0), 32-to-32C(0x8), and (0x0) 

91: Input vars: const(0x0), 32-to-32C(0x1), and (0x0) 

92: Input vars: const(0x0), 32-to-32C(0x8), and (0x0) 

95: Input vars: const(0x0), 32-to-32C(0x8), and (0x0) 

96: Input vars: const(0x0), 32-to-32C(0x8), and (0x0) 

107: Input vars: const(0x0), 32-to-32C(0xc), and (0x0) 

134: Input vars: const(0x0), 32-to-32C(0x8), and (0x0) 

154: Input vars: const(0x0), 32-to-32C(0x8), and (0x0) 

155: Input vars: const(0x0), 32-to-32C(0x8), and (0x0) 

167: Input vars: const(0x0), 32-to-32C(0x8), and (0x0) 

190: Input vars: const(0x0), 32-to-32C(0x8), and (0x0) 

191: Input vars: const(0x0), 32-to-32C(0x8), and (0x0) 

200: Input vars: const(0x0), 32-to-32C(0x8), and (0x0) 

222: Input vars: const(0x0), 32-to-32C(0x8), and (0x0) 

227: Input vars: const(0x0), 32-to-32C(0x1), and (0x0) 

230: Input vars: const(0x0), 32-to-32C(0x8), and (0x0) 

263: Input vars: const(0x0), 32-to-32C(0x8), and (0x0) 

268: Input vars: const(0x0), 32-to-32C(0xc), and (0x0) 

271: Input vars: const(0x0), 32-to-32C(0x1), and (0x0) 

273: Input vars: const(0x0), 32-to-32C(0x8), and (0x0) 

277: Input vars: const(0x0), 32-to-32C(0xc), and (0x0) 

293: Input vars: const(0x0), 32-to-32C(0x8), and (0x0) 

296: Input vars: const(0x0), 32-to-32C(0x8), and (0x0) 

304: Input vars: const(0x0), 32-to-32C(0xc), and (0x0) 

306: Input vars: (0x0), const(0xffffffff), and (0x0) 

323: Input vars: const(0x0), 32-to-32C(0x8), and (0x0) 

324: Input vars: const(0x0), 32-to-32C(0x8), and (0x0) 

Cluster 4 (2) : 
37: Input vars: const(0x0), 8-to-32S(0x1), and (0x0) 

156: Input vars: const(0x0), 8-to-32S(0x1), and (0x0) 

Cluster 5 (3) : 
38: Input vars: 8-to-32Z(0x4), const(0x8000007f), and (0x0) 

48: Input vars: 8-to-32Z(0x4), const(0x8000007f), and (0x0) 

292: Input vars: 8-to-32Z(0x4), const(0x8000007f), and (0x0) 

Cluster 6 (1) : 
46: Input vars: const(0x0), 1-to-32S(0x0), and (0x0) 

Cluster 7 (5) : 
53: Input vars: (0x3), const(0x76b), and 1-to-32S(0x0) 

123: Input vars: 32-to-32C(0x3), const(0x8000076b), and 1-to-32S(0x0) 

160: Input vars: (0x3), const(0x76b), and 1-to-32S(0x0) 

196: Input vars: (0x3), const(0x76b), and 1-to-32S(0x0) 

250: Input vars: (0x3), const(0x76b), and 1-to-32S(0x0) 

Cluster 8 (1) : 
62: Input vars: const(0x0), 32-to-32C(0x4), and (0x0) 

Cluster 9 (3) : 
72: Input vars: 16-to-32S(0x4), const(0xffffffff), and (0x0) 

201: Input vars: 16-to-32S(0x4), const(0xffffffff), and (0x0) 

202: Input vars: 16-to-32S(0x4), const(0xffffffff), and (0x0) 

Cluster 10 (3) : 
79: Input vars: const(0x0), 8-to-32S(0x0), and (0x0) 

111: Input vars: const(0x0), 8-to-32S(0x0), and (0x0) 

171: Input vars: const(0x0), 8-to-32S(0x0), and (0x0) 

Cluster 11 (3) : 
101: Input vars: 32-to-1(0x4), 1-to-32S(0x4), and (0x0) 

209: Input vars: 32-to-1(0x4), const(0x0), and (0x0) 

244: Input vars: const(0x80000001), 32-to-1(0x4), and 1-to-32Z(0x0) 

Cluster 12 (2) : 
103: Input vars: (0x2), 32-to-32C(0xb), and 1-to-32S(0x0) 

136: Input vars: (0x2), 32-to-32C(0xb), and 1-to-32S(0x0) 

Cluster 13 (1) : 
133: Input vars: 32-to-1(0x0), 32-to-1(0x9), and (0x0) 

Cluster 14 (2) : 
148: Input vars: (0x3), const(0x37fffff), and 1-to-32S(0x0) 

276: Input vars: 32-to-32C(0x3), const(0x837fffff), and 1-to-32S(0x0) 

Cluster 15 (2) : 
262: Input vars: const(0x0), 1-to-32S(0x5), and (0x0) 

282: Input vars: const(0x0), 1-to-32S(0x5), and (0x0) 

Cluster 16 (1) : 
290: Input vars: (0x0), const(0x7fffffff), and (0x0) 

Cluster 17 (1) : 
320: Input vars: const(0xffffcf2c), 32-to-32C(0x5), and 1-to-32S(0x0) 

