   0 2+ syslog void (int, const char *, ...) 
   1 3  vsyslog void (int, const char *, __va_list_tag *) 
   2 3  openlog void (const char *, int, int) 
   3 0  closelog void (void) 
   4 1  setlogmask int (int) 
   5 1+ syscall long (long, ...) 
   6 2  daemon int (int, int) 
   7 6  mmap void *(void *, size_t, int, int, int, __off_t) 
   8 2  munmap int (void *, size_t) 
   9 3  mprotect int (void *, size_t, int) 
  10 3  msync int (void *, size_t, int) 
  11 3  madvise int (void *, size_t, int) 
  12 3  mincore int (void *, size_t, unsigned char *) 
  13 5  remap_file_pages int (void *, size_t, int, size_t, int) 
  14 2  mlock int (const void *, size_t) 
  15 2  munlock int (const void *, size_t) 
  16 1  mlockall int (int) 
  17 0  munlockall int (void) 
  18 0  hdestroy void (void) 
  19 2  hsearch ENTRY *(ENTRY, ACTION) 
  20 1  hcreate int (size_t) 
  21 2  hcreate_r int (size_t, struct hsearch_data *) 
  22 1  hdestroy_r void (struct hsearch_data *) 
  23 4  hsearch_r int (ENTRY, ACTION, ENTRY **, struct hsearch_data *) 
  24 3  tsearch void *(const void *, void **, __compar_fn_t) 
  25 3  tfind void *(const void *, void *const *, __compar_fn_t) 
  26 3  tdelete void *(const void *restrict, void **restrict, __compar_fn_t) 
  27 2  twalk void (const void *, __action_fn_t) 
  28 2  tdestroy void (void *, __free_fn_t) 
  29 5  lsearch void *(const void *, void *, size_t *, size_t, __compar_fn_t) 
  30 5  lfind void *(const void *, const void *, size_t *, size_t, __compar_fn_t) 
  31 2  vwarnx void (const char *, __va_list_tag *) 
  32 2  vwarn void (const char *, __va_list_tag *) 
  33 1+ warn void (const char *, ...) 
  34 1+ warnx void (const char *, ...) 
  35 3  verr void (int, const char *, __va_list_tag *) __attribute__((noreturn)) 
  36 3  verrx void (int, const char *, __va_list_tag *) __attribute__((noreturn)) 
  37 2+ err void (int, const char *, ...) __attribute__((noreturn)) 
  38 2+ errx void (int, const char *, ...) __attribute__((noreturn)) 
  39 3+ error void (int, int, const char *, ...) 
  40 5+ error_at_line void (int, int, const char *, unsigned int, const char *, ...) 
  41 2  ustat int (__dev_t, struct ustat *) 
  42 0  get_nprocs int (void) 
  43 0  get_nprocs_conf int (void) 
  44 0  get_phys_pages long (void) 
  45 0  get_avphys_pages long (void) 
  46 1  dirname char *(char *) 
  48 4  fgetxattr ssize_t (int, const char *, void *, size_t) 
  49 3  flistxattr ssize_t (int, char *, size_t) 
  50 2  fremovexattr int (int, const char *) 
  51 5  fsetxattr int (int, const char *, const void *, size_t, int) 
  52 4  getxattr ssize_t (const char *, const char *, void *, size_t) 
  53 3  listxattr ssize_t (const char *, char *, size_t) 
  54 4  lgetxattr ssize_t (const char *, const char *, void *, size_t) 
  55 3  llistxattr ssize_t (const char *, char *, size_t) 
  56 2  lremovexattr int (const char *, const char *) 
  57 5  lsetxattr int (const char *, const char *, const void *, size_t, int) 
  58 2  removexattr int (const char *, const char *) 
  59 5  setxattr int (const char *, const char *, const void *, size_t, int) 
  61 2  step int (const char *restrict, const char *restrict) 
  62 2  advance int (const char *restrict, const char *restrict) 
  63 0  setfsent int (void) 
  64 0  getfsent struct fstab *(void) 
  65 1  getfsspec struct fstab *(const char *) 
  66 1  getfsfile struct fstab *(const char *) 
  67 0  endfsent void (void) 
  68 1  revoke int (const char *) 
  79 3  ioperm int (unsigned long, unsigned long, int) 
  80 1  iopl int (int) 
  81 6  sysctl int (int *, int, void *, size_t *, void *, size_t) 
  82 4+ clone int (int (*)(void *), void *, int, void *, ...) 
  83 3  lseek __off_t (int, __off_t, int) 
  84 1  umount int (const char *) 
  85 2  umount2 int (const char *, int) 
  86 3  readahead ssize_t (int, __off64_t, size_t) 
  87 1  setfsuid int (__uid_t) 
  88 1  setfsgid int (__gid_t) 
  89 1  gnu_dev_major unsigned int (unsigned long long) 
  90 1  gnu_dev_minor unsigned int (unsigned long long) 
  91 2  gnu_dev_makedev unsigned long long (unsigned int, unsigned int) 
  92 5  epoll_pwait int (int, struct epoll_event *, int, int, const __sigset_t *) 
  93 3  signalfd int (int, const sigset_t *, int) 
  94 2  eventfd int (unsigned int, int) 
  95 2  eventfd_read int (int, eventfd_t *) 
  96 2  eventfd_write int (int, eventfd_t) 
  97 4  prlimit int (__pid_t, enum __rlimit_resource, const struct rlimit *, struct rlimit *) 
  98 2  arch_prctl int (int, unsigned long) 
  99 3  modify_ldt int (int, void *, unsigned long) 
 100 5  fanotify_mark int (int, unsigned int, uint64_t, int, const char *) 
 101 1  adjtimex int (struct timex *) 
 104 2  clock_adjtime int (__clockid_t, struct timex *) 
 105 2  create_module caddr_t (const char *, size_t) 
 106 2  delete_module int (const char *, int) 
 107 1  epoll_create int (int) 
 108 1  epoll_create1 int (int) 
 109 4  epoll_ctl int (int, int, int, struct epoll_event *) 
 110 4  epoll_wait int (int, struct epoll_event *, int, int) 
 111 1  get_kernel_syms int (void *) 
 112 3  init_module int (void *, unsigned long, const char *) 
 113 3  inotify_add_watch int (int, const char *, uint32_t) 
 114 0  inotify_init int (void) 
 115 1  inotify_init1 int (int) 
 116 2  inotify_rm_watch int (int, int) 
 117 3  klogctl int (int, char *, int) 
 118 5  mount int (const char *, const char *, const char *, unsigned long, const void *) 
 119 4+ mremap void *(void *, size_t, size_t, int, ...) 
 120 3  nfsservctl long (int, void *, void *) 
 121 1  personality int (unsigned long) 
 122 2  pivot_root int (const char *, const char *) 
 123 1+ prctl int (int, ...) 
 124 5  query_module int (const char *, int, void *, size_t, size_t) 
 125 4  quotactl int (int, const char *, int, caddr_t) 
 126 6  splice ssize_t (int, __off64_t *, int, __off64_t *, size_t, unsigned int) 
 127 1  sysinfo int (struct sysinfo *) 
 128 4  tee ssize_t (int, int, size_t, unsigned int) 
 129 1  unshare int (int) 
 130 1  uselib int (const char *) 
 131 4  vmsplice ssize_t (int, const struct iovec *, size_t, unsigned int) 
 132 2  timerfd_create int (clockid_t, int) 
 133 4  timerfd_settime int (int, int, const struct itimerspec *, struct itimerspec *) 
 134 2  timerfd_gettime int (int, struct itimerspec *) 
 135 2  fanotify_init int (unsigned int, unsigned int) 
 136 5  name_to_handle_at int (int, const char *, struct file_handle *, int *, int) 
 137 3  open_by_handle_at int (int, struct file_handle *, int) 
 138 2  setns int (int, int) 
 139 6  process_vm_readv ssize_t (pid_t, const struct iovec *, unsigned long, const struct iovec *, unsigned long, unsigned long) 
 140 6  process_vm_writev ssize_t (pid_t, const struct iovec *, unsigned long, const struct iovec *, unsigned long, unsigned long) 
 141 2  bdflush int (int, long) 
 142 3  accept int (int, __SOCKADDR_ARG, socklen_t *restrict) 
 143 3  bind int (int, __CONST_SOCKADDR_ARG, socklen_t) 
 144 3  connect int (int, __CONST_SOCKADDR_ARG, socklen_t) 
 145 3  getpeername int (int, __SOCKADDR_ARG, socklen_t *restrict) 
 146 3  getsockname int (int, __SOCKADDR_ARG, socklen_t *restrict) 
 147 5  getsockopt int (int, int, int, void *restrict, socklen_t *restrict) 
 148 2  listen int (int, int) 
 149 4  recv ssize_t (int, void *, size_t, int) 
 150 6  recvfrom ssize_t (int, void *restrict, size_t, int, __SOCKADDR_ARG, socklen_t *restrict) 
 151 3  recvmsg ssize_t (int, struct msghdr *, int) 
 152 4  send ssize_t (int, const void *, size_t, int) 
 153 3  sendmsg ssize_t (int, const struct msghdr *, int) 
 154 6  sendto ssize_t (int, const void *, size_t, int, __CONST_SOCKADDR_ARG, socklen_t) 
 155 5  setsockopt int (int, int, int, const void *, socklen_t) 
 156 2  shutdown int (int, int) 
 157 3  socket int (int, int, int) 
 158 4  socketpair int (int, int, int, int *) 
 159 2  isfdtype int (int, int) 
 160 1  sockatmark int (int) 
 161 4  accept4 int (int, __SOCKADDR_ARG, socklen_t *restrict, int) 
 162 5  recvmmsg int (int, struct mmsghdr *, unsigned int, int, struct timespec *) 
 163 4  sendmmsg int (int, struct mmsghdr *, unsigned int, int) 
 164 2  ftok key_t (const char *, int) 
 165 4  msgsnd int (int, const void *, size_t, int) 
 166 5  msgrcv ssize_t (int, void *, size_t, long, int) 
 167 2  msgget int (key_t, int) 
 168 3  msgctl int (int, int, struct msqid_ds *) 
 169 3  semop int (int, struct sembuf *, size_t) 
 170 3  semget int (key_t, int, int) 
 171 3+ semctl int (int, int, int, ...) 
 172 4  semtimedop int (int, struct sembuf *, size_t, const struct timespec *) 
 173 3  shmat void *(int, const void *, int) 
 174 1  shmdt int (const void *) 
 175 3  shmget int (key_t, size_t, int) 
 176 3  shmctl int (int, int, struct shmid_ds *) 
 177 1  moncontrol void (int) 
 178 2  monstartup void (u_long, u_long) 
 179 0  _mcleanup void (void) 
 180 4  profil int (unsigned short *, size_t, size_t, unsigned int) 
 181 4  sprofil int (struct prof *, int, struct timeval *, unsigned int) 
 182 0  mcount void (void) 
 183 1  wctrans wctrans_t (const char *) 
 184 2  towctrans wint_t (wint_t, wctrans_t) 
 185 3  towctrans_l wint_t (wint_t, wctrans_t, __locale_t) 
 186 1  iswalnum int (wint_t) 
 187 1  iswalpha int (wint_t) 
 188 1  iswblank int (wint_t) 
 189 1  iswcntrl int (wint_t) 
 190 1  iswdigit int (wint_t) 
 191 1  iswlower int (wint_t) 
 192 1  iswgraph int (wint_t) 
 193 1  iswprint int (wint_t) 
 194 1  iswpunct int (wint_t) 
 195 1  iswspace int (wint_t) 
 196 1  iswupper int (wint_t) 
 197 1  iswxdigit int (wint_t) 
 198 1  towlower wint_t (wint_t) 
 199 1  towupper wint_t (wint_t) 
 200 1  wctype wctype_t (const char *) 
 201 2  iswctype int (wint_t, wctype_t) 
 202 2  iswalnum_l int (wint_t, __locale_t) 
 203 2  iswalpha_l int (wint_t, __locale_t) 
 204 2  iswblank_l int (wint_t, __locale_t) 
 205 2  iswcntrl_l int (wint_t, __locale_t) 
 206 2  iswdigit_l int (wint_t, __locale_t) 
 207 2  iswlower_l int (wint_t, __locale_t) 
 208 2  iswgraph_l int (wint_t, __locale_t) 
 209 2  iswprint_l int (wint_t, __locale_t) 
 210 2  iswpunct_l int (wint_t, __locale_t) 
 211 2  iswspace_l int (wint_t, __locale_t) 
 212 2  iswupper_l int (wint_t, __locale_t) 
 213 2  iswxdigit_l int (wint_t, __locale_t) 
 214 2  towlower_l wint_t (wint_t, __locale_t) 
 215 2  towupper_l wint_t (wint_t, __locale_t) 
 216 2  wctype_l wctype_t (const char *, __locale_t) 
 217 3  iswctype_l int (wint_t, wctype_t, __locale_t) 
 218 2  wctrans_l wctrans_t (const char *, __locale_t) 
 219 0  getspent struct spwd *(void) 
 220 1  getspnam struct spwd *(const char *) 
 221 1  sgetspent struct spwd *(const char *) 
 222 1  fgetspent struct spwd *(FILE *) 
 223 2  putspent int (const struct spwd *, FILE *) 
 224 0  setspent void (void) 
 225 0  endspent void (void) 
 226 4  getspent_r int (struct spwd *, char *, size_t, struct spwd **) 
 227 5  getspnam_r int (const char *, struct spwd *, char *, size_t, struct spwd **) 
 228 5  sgetspent_r int (const char *, struct spwd *, char *, size_t, struct spwd **) 
 229 5  fgetspent_r int (FILE *, struct spwd *, char *, size_t, struct spwd **) 
 230 0  lckpwdf int (void) 
 231 0  ulckpwdf int (void) 
 232 0  getsgent struct sgrp *(void) 
 233 1  getsgnam struct sgrp *(const char *) 
 234 1  sgetsgent struct sgrp *(const char *) 
 235 1  fgetsgent struct sgrp *(FILE *) 
 236 2  putsgent int (const struct sgrp *, FILE *) 
 237 0  setsgent void (void) 
 238 0  endsgent void (void) 
 239 4  getsgent_r int (struct sgrp *, char *, size_t, struct sgrp **) 
 240 5  getsgnam_r int (const char *, struct sgrp *, char *, size_t, struct sgrp **) 
 241 5  sgetsgent_r int (const char *, struct sgrp *, char *, size_t, struct sgrp **) 
 242 5  fgetsgent_r int (FILE *, struct sgrp *, char *, size_t, struct sgrp **) 
 243 4+ argp_failure void (const struct argp_state *restrict, int, int, const char *restrict, ...) 
 244 4  argp_help void (const struct argp *restrict, FILE *restrict, unsigned int, char *restrict) 
 245 3  argp_state_help void (const struct argp_state *restrict, FILE *restrict, unsigned int) 
 246 2+ argp_error void (const struct argp_state *restrict, const char *restrict, ...) 
 247 6  argp_parse error_t (const struct argp *restrict, int, char **restrict, unsigned int, int *restrict, void *restrict) 
 248 1  argp_usage void (const struct argp_state *) 
 249 2  pthread_equal int (pthread_t, pthread_t) 
 250 1  pthread_attr_destroy int (pthread_attr_t *) 
 251 1  pthread_attr_init int (pthread_attr_t *) 
 252 2  pthread_attr_getdetachstate int (const pthread_attr_t *, int *) 
 253 2  pthread_attr_setdetachstate int (pthread_attr_t *, int) 
 254 2  pthread_attr_getinheritsched int (const pthread_attr_t *restrict, int *restrict) 
 255 2  pthread_attr_setinheritsched int (pthread_attr_t *, int) 
 256 2  pthread_attr_getschedparam int (const pthread_attr_t *restrict, struct sched_param *restrict) 
 257 2  pthread_attr_setschedparam int (pthread_attr_t *restrict, const struct sched_param *restrict) 
 258 2  pthread_attr_getschedpolicy int (const pthread_attr_t *restrict, int *restrict) 
 259 2  pthread_attr_setschedpolicy int (pthread_attr_t *, int) 
 260 2  pthread_attr_getscope int (const pthread_attr_t *restrict, int *restrict) 
 261 2  pthread_attr_setscope int (pthread_attr_t *, int) 
 262 1  pthread_condattr_destroy int (pthread_condattr_t *) 
 263 1  pthread_condattr_init int (pthread_condattr_t *) 
 264 1  pthread_cond_broadcast int (pthread_cond_t *) 
 265 1  pthread_cond_destroy int (pthread_cond_t *) 
 266 2  pthread_cond_init int (pthread_cond_t *restrict, const pthread_condattr_t *restrict) 
 267 1  pthread_cond_signal int (pthread_cond_t *) 
 268 2  pthread_cond_wait int (pthread_cond_t *restrict, pthread_mutex_t *restrict) 
 269 3  pthread_cond_timedwait int (pthread_cond_t *restrict, pthread_mutex_t *restrict, const struct timespec *restrict) 
 270 1  pthread_exit void (void *) __attribute__((noreturn)) 
 271 3  pthread_getschedparam int (pthread_t, int *restrict, struct sched_param *restrict) 
 272 3  pthread_setschedparam int (pthread_t, int, const struct sched_param *) 
 273 1  pthread_mutex_destroy int (pthread_mutex_t *) 
 274 2  pthread_mutex_init int (pthread_mutex_t *, const pthread_mutexattr_t *) 
 275 1  pthread_mutex_lock int (pthread_mutex_t *) 
 276 1  pthread_mutex_unlock int (pthread_mutex_t *) 
 277 0  pthread_self pthread_t (void) 
 278 2  pthread_setcancelstate int (int, int *) 
 279 2  pthread_setcanceltype int (int, int *) 
 285 2  backtrace int (void **, int) 
 286 2  backtrace_symbols char **(void *const *, int) 
 287 3  backtrace_symbols_fd void (void *const *, int, int) 
 288 1  htonl uint32_t (uint32_t) 
 289 1  htons uint16_t (uint16_t) 
 290 1  inet_lnaof in_addr_t (struct in_addr) 
 291 2  inet_makeaddr struct in_addr (in_addr_t, in_addr_t) 
 292 1  inet_netof in_addr_t (struct in_addr) 
 293 1  inet_ntoa char *(struct in_addr) 
 294 1  inet_network in_addr_t (const char *) 
 295 3  gethostbyaddr struct hostent *(const void *, __socklen_t, int) 
 297 1  gethostbyname struct hostent *(const char *) 
 298 2  gethostbyname2 struct hostent *(const char *, int) 
 300 6  gethostbyname_r int (const char *restrict, struct hostent *restrict, char *restrict, size_t, struct hostent **restrict, int *restrict) 
 301 0  gethostent struct hostent *(void) 
 302 1  sethostent void (int) 
 303 0  endhostent void (void) 
 304 5  gethostent_r int (struct hostent *restrict, char *restrict, size_t, struct hostent **restrict, int *restrict) 
 305 2  getnetbyaddr struct netent *(uint32_t, int) 
 307 1  getnetbyname struct netent *(const char *) 
 308 0  getnetent struct netent *(void) 
 309 1  setnetent void (int) 
 310 0  endnetent void (void) 
 311 5  getnetent_r int (struct netent *restrict, char *restrict, size_t, struct netent **restrict, int *restrict) 
 312 6  getnetbyname_r int (const char *restrict, struct netent *restrict, char *restrict, size_t, struct netent **restrict, int *restrict) 
 313 1  getprotobynumber struct protoent *(int) 
 314 5  getprotobynumber_r int (int, struct protoent *restrict, char *restrict, size_t, struct protoent **restrict) 
 315 0  getprotoent struct protoent *(void) 
 316 1  setprotoent void (int) 
 317 0  endprotoent void (void) 
 318 4  getprotoent_r int (struct protoent *restrict, char *restrict, size_t, struct protoent **restrict) 
 319 1  getprotobyname struct protoent *(const char *) 
 320 5  getprotobyname_r int (const char *restrict, struct protoent *restrict, char *restrict, size_t, struct protoent **restrict) 
 321 2  getservbyname struct servent *(const char *, const char *) 
 322 6  getservbyname_r int (const char *restrict, const char *restrict, struct servent *restrict, char *restrict, size_t, struct servent **restrict) 
 323 2  getservbyport struct servent *(int, const char *) 
 324 6  getservbyport_r int (int, const char *restrict, struct servent *restrict, char *restrict, size_t, struct servent **restrict) 
 325 0  getservent struct servent *(void) 
 326 1  setservent void (int) 
 327 0  endservent void (void) 
 328 4  getservent_r int (struct servent *restrict, char *restrict, size_t, struct servent **restrict) 
 329 0  getrpcent struct rpcent *(void) 
 330 1  getrpcbyname struct rpcent *(const char *) 
 331 1  getrpcbynumber struct rpcent *(int) 
 332 1  setrpcent void (int) 
 333 0  endrpcent void (void) 
 334 4  getrpcent_r int (struct rpcent *, char *, size_t, struct rpcent **) 
 335 5  getrpcbyname_r int (const char *, struct rpcent *, char *, size_t, struct rpcent **) 
 336 5  getrpcbynumber_r int (int, struct rpcent *, char *, size_t, struct rpcent **) 
 337 1  ether_aton struct ether_addr *(const char *) 
 338 2  ether_aton_r struct ether_addr *(const char *, struct ether_addr *) 
 339 2  ether_hostton int (const char *, struct ether_addr *) 
 340 3  ether_line int (const char *, struct ether_addr *, char *) 
 341 1  ether_ntoa char *(const struct ether_addr *) 
 342 2  ether_ntoa_r char *(const struct ether_addr *, char *) 
 343 2  ether_ntohost int (char *, const struct ether_addr *) 
 344 1  setnetgrent int (const char *) 
 345 0  endnetgrent void (void) 
 346 5  getnetgrent_r int (char **restrict, char **restrict, char **restrict, char *restrict, size_t) 
 347 4  innetgr int (const char *, const char *, const char *, const char *) 
 348 3  getnetgrent int (char **restrict, char **restrict, char **restrict) 
 350 1  if_nametoindex unsigned int (const char *) 
 351 1  if_freenameindex void (struct if_nameindex *) 
 352 0  if_nameindex struct if_nameindex *(void) 
 353 2  if_indextoname char *(unsigned int, char *) 
 354 1  getifaddrs int (struct ifaddrs **) 
 355 1  freeifaddrs void (struct ifaddrs *) 
 356 6  getipv4sourcefilter int (int, struct in_addr, struct in_addr, uint32_t *, uint32_t *, struct in_addr *) 
 357 6  setipv4sourcefilter int (int, struct in_addr, struct in_addr, uint32_t, uint32_t, const struct in_addr *) 
 360 2  rresvport_af int (int *, sa_family_t) 
 362 6  rcmd int (char **restrict, unsigned short, const char *restrict, const char *restrict, const char *restrict, int *restrict) 
 363 1  rresvport int (int *) 
 364 5  ruserok_af int (const char *, int, const char *, const char *, sa_family_t) 
 365 4  ruserok int (const char *, int, const char *, const char *) 
 366 5  iruserok_af int (const void *, int, const char *, const char *, sa_family_t) 
 367 4  iruserok int (uint32_t, int, const char *, const char *) 
 369 6  rexec int (char **restrict, int, const char *restrict, const char *restrict, const char *restrict, int *restrict) 
 370 3  ruserpass int (const char *, const char **, const char **) 
 371 0  setaliasent void (void) 
 372 0  endaliasent void (void) 
 373 4  getaliasent_r int (struct aliasent *restrict, char *restrict, size_t, struct aliasent **restrict) 
 374 0  getaliasent struct aliasent *(void) 
 375 1  getaliasbyname struct aliasent *(const char *) 
 376 5  getaliasbyname_r int (const char *restrict, struct aliasent *restrict, char *restrict, size_t, struct aliasent **restrict) 
 377 1  inet6_option_space int (int) 
 378 3  inet6_option_init int (void *, struct cmsghdr **, int) 
 379 4  inet6_option_append int (struct cmsghdr *, const uint8_t *, int, int) 
 380 4  inet6_option_alloc uint8_t *(struct cmsghdr *, int, int, int) 
 381 2  inet6_option_next int (const struct cmsghdr *, uint8_t **) 
 382 3  inet6_option_find int (const struct cmsghdr *, uint8_t **, int) 
 383 2  inet6_opt_init int (void *, socklen_t) 
 385 3  inet6_opt_finish int (void *, socklen_t, int) 
 386 4  inet6_opt_set_val int (void *, int, void *, socklen_t) 
 387 6  inet6_opt_next int (void *, socklen_t, int, uint8_t *, socklen_t *, void **) 
 388 6  inet6_opt_find int (void *, socklen_t, int, uint8_t, socklen_t *, void **) 
 389 4  inet6_opt_get_val int (void *, int, void *, socklen_t) 
 390 2  inet6_rth_space socklen_t (int, int) 
 391 4  inet6_rth_init void *(void *, socklen_t, int, int) 
 392 2  inet6_rth_add int (void *, const struct in6_addr *) 
 393 2  inet6_rth_reverse int (const void *, void *) 
 394 1  inet6_rth_segments int (const void *) 
 395 2  inet6_rth_getaddr struct in6_addr *(const void *, int) 
 396 1  herror void (const char *) 
 397 1  hstrerror const char *(int) 
 398 1  inet_addr in_addr_t (const char *) 
 399 2  inet_aton int (const char *, struct in_addr *) 
 400 4  inet_ntop const char *(int, const void *restrict, char *restrict, socklen_t) 
 401 3  inet_pton int (int, const char *restrict, void *restrict) 
 402 3  inet_nsap_addr unsigned int (const char *, unsigned char *, int) 
 403 3  inet_nsap_ntoa char *(int, const unsigned char *, char *) 
 404 0  authnone_create AUTH *(void) 
 405 2  xdr_authunix_parms bool_t (XDR *, struct authunix_parms *) 
 406 2  bindresvport int (int, struct sockaddr_in *) 
 407 2  clntraw_create CLIENT *(const u_long, const u_long) 
 409 0  _rpc_dtablesize int (void) 
 410 4  getrpcport int (const char *, u_long, u_long, u_int) 
 411 4  pmap_set bool_t (const u_long, const u_long, int, u_short) 
 412 2  pmap_unset bool_t (const u_long, const u_long) 
 413 1  pmap_getmaps struct pmaplist *(struct sockaddr_in *) 
 414 2  xdr_pmap bool_t (XDR *, struct pmap *) 
 415 2  xdr_pmaplist bool_t (XDR *, struct pmaplist **) 
 416 2  xdr_rmtcallres bool_t (XDR *, struct rmtcallres *) 
 417 2  xdr_rmtcall_args bool_t (XDR *, struct rmtcallargs *) 
 420 2  xdr_rejected_reply bool_t (XDR *, struct rejected_reply *) 
 421 2  xdr_accepted_reply bool_t (XDR *, struct accepted_reply *) 
 422 2  xdr_opaque_auth bool_t (XDR *, struct opaque_auth *) 
 423 2  xdr_des_block bool_t (XDR *, des_block *) 
 424 2  xdr_replymsg bool_t (XDR *, struct rpc_msg *) 
 425 2  xdr_callhdr bool_t (XDR *, struct rpc_msg *) 
 426 2  _seterr_reply void (struct rpc_msg *, struct rpc_err *) 
 427 2  xdr_callmsg bool_t (XDR *, struct rpc_msg *) 
 428 2  _authenticate enum auth_stat (struct svc_req *, struct rpc_msg *) 
 429 0  svcraw_create SVCXPRT *(void) 
 433 6  xdrrec_create void (XDR *, u_int, u_int, caddr_t, int (*)(char *, char *, int), int (*)(char *, char *, int)) 
 434 1  xdrrec_skiprecord bool_t (XDR *) 
 435 1  xdrrec_eof bool_t (XDR *) 
 436 2  xdrrec_endofrecord bool_t (XDR *, bool_t) 
 437 2  getpublickey int (const char *, char *) 
 438 3  getsecretkey int (const char *, char *, const char *) 
 439 2  xdr_authdes_cred bool_t (XDR *, struct authdes_cred *) 
 440 2  xdr_authdes_verf bool_t (XDR *, struct authdes_verf *) 
 441 2  xdr_keystatus bool_t (XDR *, keystatus *) 
 442 2  xdr_keybuf bool_t (XDR *, char *) 
 443 2  xdr_netnamestr bool_t (XDR *, netnamestr *) 
 444 2  xdr_cryptkeyarg bool_t (XDR *, cryptkeyarg *) 
 445 2  xdr_cryptkeyarg2 bool_t (XDR *, cryptkeyarg2 *) 
 446 2  xdr_cryptkeyres bool_t (XDR *, cryptkeyres *) 
 447 2  xdr_unixcred bool_t (XDR *, unixcred *) 
 448 2  xdr_getcredres bool_t (XDR *, getcredres *) 
 449 2  xdr_key_netstarg bool_t (XDR *, key_netstarg *) 
 450 2  xdr_key_netstres bool_t (XDR *, key_netstres *) 
 451 3  rtime int (struct sockaddr_in *, struct rpc_timeval *, struct rpc_timeval *) 
 452 5  authdes_getucred int (const struct authdes_cred *, uid_t *, gid_t *, short *, gid_t *) 
 453 6  clntunix_create CLIENT *(struct sockaddr_un *, u_long, u_long, int *, u_int, u_int) 
 454 4  svcunix_create SVCXPRT *(int, u_int, u_int, char *) 
 455 3  svcunixfd_create SVCXPRT *(int, u_int, u_int) 
 456 5  cbc_crypt int (char *, char *, unsigned int, unsigned int, char *) 
 457 4  ecb_crypt int (char *, char *, unsigned int, unsigned int) 
 458 1  des_setparity void (char *) 
 459 4  authdes_create AUTH *(const char *, u_int, struct sockaddr *, des_block *) 
 460 5  authdes_pk_create AUTH *(const char *, netobj *, u_int, struct sockaddr *, des_block *) 
 461 5  authunix_create AUTH *(char *, __uid_t, __gid_t, int, __gid_t *) 
 462 0  authunix_create_default AUTH *(void) 
 463 4  clnt_create CLIENT *(const char *, const u_long, const u_long, const char *) 
 464 2  clnt_sperror char *(CLIENT *, const char *) 
 465 2  clnt_perror void (CLIENT *, const char *) 
 466 1  clnt_sperrno char *(enum clnt_stat) 
 467 1  clnt_perrno void (enum clnt_stat) 
 468 1  clnt_spcreateerror char *(const char *) 
 469 1  clnt_pcreateerror void (const char *) 
 470 6  clnttcp_create CLIENT *(struct sockaddr_in *, u_long, u_long, int *, u_int, u_int) 
 472 5  clntudp_create CLIENT *(struct sockaddr_in *, u_long, u_long, struct timeval, int *) 
 473 1  get_myaddress void (struct sockaddr_in *) 
 474 1  key_setsecret int (char *) 
 475 0  key_secretkey_is_set int (void) 
 476 2  key_encryptsession int (char *, des_block *) 
 477 2  key_decryptsession int (char *, des_block *) 
 478 3  key_encryptsession_pk int (char *, netobj *, des_block *) 
 479 3  key_decryptsession_pk int (char *, netobj *, des_block *) 
 480 1  key_gendes int (des_block *) 
 481 1  key_setnet int (struct key_netstarg *) 
 482 2  key_get_conv int (char *, des_block *) 
 483 3  user2netname int (char *, const uid_t, const char *) 
 484 3  host2netname int (char *, const char *, const char *) 
 485 1  getnetname int (char *) 
 486 5  netname2user int (const char *, uid_t *, gid_t *, int *, gid_t *) 
 487 3  netname2host int (const char *, char *, const int) 
 488 4  pmap_getport u_short (struct sockaddr_in *, const u_long, const u_long, u_int) 
 489 1  xprt_register void (SVCXPRT *) 
 490 1  xprt_unregister void (SVCXPRT *) 
 491 5  svc_register bool_t (SVCXPRT *, rpcprog_t, rpcvers_t, __dispatch_fn_t, rpcprot_t) 
 492 2  svc_unregister void (rpcprog_t, rpcvers_t) 
 493 3  svc_sendreply bool_t (SVCXPRT *, xdrproc_t, caddr_t) 
 494 1  svcerr_noproc void (SVCXPRT *) 
 495 1  svcerr_decode void (SVCXPRT *) 
 496 1  svcerr_systemerr void (SVCXPRT *) 
 497 2  svcerr_auth void (SVCXPRT *, enum auth_stat) 
 498 1  svcerr_weakauth void (SVCXPRT *) 
 499 1  svcerr_noprog void (SVCXPRT *) 
 500 3  svcerr_progvers void (SVCXPRT *, rpcvers_t, rpcvers_t) 
 501 1  svc_getreq_common void (const int) 
 502 1  svc_getreqset void (fd_set *) 
 503 2  svc_getreq_poll void (struct pollfd *, const int) 
 504 1  svc_getreq void (int) 
 505 3  svctcp_create SVCXPRT *(int, u_int, u_int) 
 506 3  svcfd_create SVCXPRT *(int, u_int, u_int) 
 507 3  svcudp_bufcreate SVCXPRT *(int, u_int, u_int) 
 508 1  svcudp_create SVCXPRT *(int) 
 509 2  svcudp_enablecache int (SVCXPRT *, u_long) 
 510 6  xdr_array bool_t (XDR *, caddr_t *, u_int *, u_int, u_int, xdrproc_t) 
 511 5  xdr_vector bool_t (XDR *, char *, u_int, u_int, xdrproc_t) 
 512 2  xdr_free void (xdrproc_t, char *) 
 513 0  xdr_void bool_t (void) 
 514 2  xdr_int bool_t (XDR *, int *) 
 515 2  xdr_u_int bool_t (XDR *, u_int *) 
 516 2  xdr_long bool_t (XDR *, long *) 
 517 2  xdr_u_long bool_t (XDR *, u_long *) 
 518 2  xdr_hyper bool_t (XDR *, quad_t *) 
 519 2  xdr_u_hyper bool_t (XDR *, u_quad_t *) 
 520 2  xdr_longlong_t bool_t (XDR *, quad_t *) 
 521 2  xdr_u_longlong_t bool_t (XDR *, u_quad_t *) 
 522 2  xdr_short bool_t (XDR *, short *) 
 523 2  xdr_u_short bool_t (XDR *, u_short *) 
 524 2  xdr_char bool_t (XDR *, char *) 
 525 2  xdr_u_char bool_t (XDR *, u_char *) 
 526 2  xdr_bool bool_t (XDR *, bool_t *) 
 527 2  xdr_enum bool_t (XDR *, enum_t *) 
 528 3  xdr_opaque bool_t (XDR *, caddr_t, u_int) 
 529 4  xdr_bytes bool_t (XDR *, char **, u_int *, u_int) 
 530 2  xdr_netobj bool_t (XDR *, struct netobj *) 
 531 5  xdr_union bool_t (XDR *, enum_t *, char *, const struct xdr_discrim *, xdrproc_t) 
 532 3  xdr_string bool_t (XDR *, char **, u_int) 
 533 2  xdr_wrapstring bool_t (XDR *, char **) 
 534 2  xdr_int64_t bool_t (XDR *, int64_t *) 
 535 2  xdr_quad_t bool_t (XDR *, quad_t *) 
 536 2  xdr_uint64_t bool_t (XDR *, uint64_t *) 
 537 2  xdr_u_quad_t bool_t (XDR *, u_quad_t *) 
 538 2  xdr_int32_t bool_t (XDR *, int32_t *) 
 539 2  xdr_uint32_t bool_t (XDR *, uint32_t *) 
 540 2  xdr_int16_t bool_t (XDR *, int16_t *) 
 541 2  xdr_uint16_t bool_t (XDR *, uint16_t *) 
 542 2  xdr_int8_t bool_t (XDR *, int8_t *) 
 543 2  xdr_uint8_t bool_t (XDR *, uint8_t *) 
 544 4  xdrmem_create void (XDR *, const caddr_t, u_int, enum xdr_op) 
 545 4  xdr_reference bool_t (XDR *, caddr_t *, u_int, xdrproc_t) 
 546 4  xdr_pointer bool_t (XDR *, char **, u_int, xdrproc_t) 
 547 2  xdr_sizeof u_long (xdrproc_t, void *) 
 548 3  xdrstdio_create void (XDR *, FILE *, enum xdr_op) 
 549 0  svc_exit void (void) 
 550 0  svc_run void (void) 
 552 2  xencrypt int (char *, char *) 
 553 2  xdecrypt int (char *, char *) 
 554 1  isastream int (int) 
 555 4  getmsg int (int, struct strbuf *restrict, struct strbuf *restrict, int *restrict) 
 556 5  getpmsg int (int, struct strbuf *restrict, struct strbuf *restrict, int *restrict, int *restrict) 
 557 4  putmsg int (int, const struct strbuf *, const struct strbuf *, int) 
 558 5  putpmsg int (int, const struct strbuf *, const struct strbuf *, int, int) 
 559 2  fattach int (int, const char *) 
 560 1  fdetach int (const char *) 
 561 1  posix_openpt int (int) 
 562 0  getpt int (void) 
 563 1  grantpt int (int) 
 564 1  unlockpt int (int) 
 565 3  ptsname_r int (int, char *, size_t) 
 566 1  ptsname char *(int) 
 567 0  getutent struct utmp *(void) 
 568 0  setutent void (void) 
 569 2  getutent_r int (struct utmp *, struct utmp **) 
 570 1  pututline struct utmp *(const struct utmp *) 
 571 0  endutent void (void) 
 572 1  getutid struct utmp *(const struct utmp *) 
 573 1  getutline struct utmp *(const struct utmp *) 
 574 3  getutid_r int (const struct utmp *, struct utmp *, struct utmp **) 
 575 3  getutline_r int (const struct utmp *, struct utmp *, struct utmp **) 
 576 1  utmpname int (const char *) 
 577 2  updwtmp void (const char *, const struct utmp *) 
 578 0  getlogin char *(void) 
 579 2  getlogin_r int (char *, size_t) 
 580 1  setlogin int (const char *) 
 581 0  setutxent void (void) 
 582 0  getutxent struct utmpx *(void) 
 583 0  endutxent void (void) 
 584 1  getutxid struct utmpx *(const struct utmpx *) 
 585 1  getutxline struct utmpx *(const struct utmpx *) 
 586 1  pututxline struct utmpx *(const struct utmpx *) 
 587 1  utmpxname int (const char *) 
 588 2  updwtmpx void (const char *, const struct utmpx *) 
 589 2  getutmp void (const struct utmpx *, struct utmp *) 
 590 2  dl_iterate_phdr int (int (*)(struct dl_phdr_info *, size_t, void *), void *) 
 591 2  realpath char *(const char *restrict, char *restrict) 
 592 3  sched_getaffinity int (__pid_t, size_t, cpu_set_t *) 
 593 3  sched_setaffinity int (__pid_t, size_t, const cpu_set_t *) 
 594 5  regexec int (const regex_t *restrict, const char *restrict, size_t, regmatch_t *restrict, int) 
 595 6  posix_spawn int (pid_t *restrict, const char *restrict, const posix_spawn_file_actions_t *restrict, const posix_spawnattr_t *restrict, char *const *restrict, char *const *restrict) 
 596 6  posix_spawnp int (pid_t *, const char *, const posix_spawn_file_actions_t *, const posix_spawnattr_t *, char *const *, char *const *) 
 597 4  nftw int (const char *, __nftw_func_t, int, int) 
 598 1  pthread_cond_broadcast int (pthread_cond_t *) 
 599 1  pthread_cond_destroy int (pthread_cond_t *) 
 600 2  pthread_cond_init int (pthread_cond_t *restrict, const pthread_condattr_t *restrict) 
 601 1  pthread_cond_signal int (pthread_cond_t *) 
 602 2  pthread_cond_wait int (pthread_cond_t *restrict, pthread_mutex_t *restrict) 
 603 3  pthread_cond_timedwait int (pthread_cond_t *restrict, pthread_mutex_t *restrict, const struct timespec *restrict) 
 604 0  gnu_get_libc_release const char *(void) 
 605 0  gnu_get_libc_version const char *(void) 
 606 2  iconv_open iconv_t (const char *, const char *) 
 607 5  iconv size_t (iconv_t, char **restrict, size_t *restrict, char **restrict, size_t *restrict) 
 608 1  iconv_close int (iconv_t) 
 609 2  setlocale char *(int, const char *) 
 610 0  localeconv struct lconv *(void) 
 611 1  nl_langinfo char *(nl_item) 
 612 2  nl_langinfo_l char *(nl_item, __locale_t) 
 613 3  newlocale __locale_t (int, const char *, __locale_t) 
 614 1  duplocale __locale_t (__locale_t) 
 615 1  freelocale void (__locale_t) 
 616 1  uselocale __locale_t (__locale_t) 
 617 1  isalnum int (int) 
 618 1  isalpha int (int) 
 619 1  iscntrl int (int) 
 620 1  isdigit int (int) 
 621 1  islower int (int) 
 622 1  isgraph int (int) 
 623 1  isprint int (int) 
 624 1  ispunct int (int) 
 625 1  isspace int (int) 
 626 1  isupper int (int) 
 627 1  isxdigit int (int) 
 628 1  tolower int (int) 
 629 1  toupper int (int) 
 630 1  isblank int (int) 
 631 1  _tolower int (int) 
 632 1  _toupper int (int) 
 633 1  toascii int (int) 
 634 1  isascii int (int) 
 635 2  isblank_l int (int, __locale_t) 
 636 2  isalnum_l int (int, __locale_t) 
 637 2  isalpha_l int (int, __locale_t) 
 638 2  iscntrl_l int (int, __locale_t) 
 639 2  isdigit_l int (int, __locale_t) 
 640 2  islower_l int (int, __locale_t) 
 641 2  isgraph_l int (int, __locale_t) 
 642 2  isprint_l int (int, __locale_t) 
 643 2  ispunct_l int (int, __locale_t) 
 644 2  isspace_l int (int, __locale_t) 
 645 2  isupper_l int (int, __locale_t) 
 646 2  isxdigit_l int (int, __locale_t) 
 647 2  tolower_l int (int, __locale_t) 
 648 2  toupper_l int (int, __locale_t) 
 649 2  isctype int (int, int) 
 650 2  bindtextdomain char *(const char *, const char *) 
 651 2  bind_textdomain_codeset char *(const char *, const char *) 
 652 3  dcgettext char *(const char *, const char *, int) 
 653 2  dgettext char *(const char *, const char *) 
 654 1  gettext char *(const char *) 
 655 5  dcngettext char *(const char *, const char *, const char *, unsigned long, int) 
 656 4  dngettext char *(const char *, const char *, const char *, unsigned long) 
 657 3  ngettext char *(const char *, const char *, unsigned long) 
 658 1  textdomain char *(const char *) 
 659 2  catopen nl_catd (const char *, int) 
 660 4  catgets char *(nl_catd, int, int, const char *) 
 661 1  catclose int (nl_catd) 
 686 1  setjmp int (struct __jmp_buf_tag *) 
 687 1  _setjmp int (struct __jmp_buf_tag *) 
 688 2  longjmp void (struct __jmp_buf_tag *, int) __attribute__((noreturn)) 
 689 2  signal __sighandler_t (int, __sighandler_t) 
 690 1  raise int (int) 
 691 2  killpg int (__pid_t, int) 
 692 3  sigaction int (int, const struct sigaction *restrict, struct sigaction *restrict) 
 693 3  sigprocmask int (int, const sigset_t *restrict, sigset_t *restrict) 
 694 2  kill int (__pid_t, int) 
 695 1  sigpending int (sigset_t *) 
 696 1  sigsuspend int (const sigset_t *) 
 697 2  sigwait int (const sigset_t *restrict, int *restrict) 
 698 1  sigblock int (int) 
 699 1  sigsetmask int (int) 
 700 1  sigpause int (int) 
 701 2  sigstack int (struct sigstack *, struct sigstack *) 
 702 2  sigaltstack int (const struct sigaltstack *restrict, struct sigaltstack *restrict) 
 703 2  siginterrupt int (int, int) 
 704 1  sigemptyset int (sigset_t *) 
 705 1  sigfillset int (sigset_t *) 
 706 2  sigaddset int (sigset_t *, int) 
 707 2  sigdelset int (sigset_t *, int) 
 708 2  sigismember int (const sigset_t *, int) 
 709 1  sigreturn int (struct sigcontext *) 
 710 0  siggetmask int (void) 
 711 2  sysv_signal __sighandler_t (int, __sighandler_t) 
 712 1  sigisemptyset int (const sigset_t *) 
 713 3  sigandset int (sigset_t *, const sigset_t *, const sigset_t *) 
 714 3  sigorset int (sigset_t *, const sigset_t *, const sigset_t *) 
 715 3  sigtimedwait int (const sigset_t *restrict, siginfo_t *restrict, const struct timespec *restrict) 
 716 2  sigwaitinfo int (const sigset_t *restrict, siginfo_t *restrict) 
 717 3  sigqueue int (__pid_t, int, const union sigval) 
 718 1  sighold int (int) 
 719 1  sigrelse int (int) 
 720 1  sigignore int (int) 
 721 2  sigset __sighandler_t (int, __sighandler_t) 
 723 1  atoi int (const char *) 
 724 1  atol long (const char *) 
 725 1  atoll long long (const char *) 
 726 0  abort void (void) __attribute__((noreturn)) 
 727 5  bsearch void *(const void *, const void *, size_t, size_t, __compar_fn_t) 
 728 5  qsort_r void (void *, size_t, size_t, __compar_d_fn_t, void *) 
 729 4  qsort void (void *, size_t, size_t, __compar_fn_t) 
 730 1  getenv char *(const char *) 
 731 1  putenv int (char *) 
 732 3  setenv int (const char *, const char *, int) 
 733 1  unsetenv int (const char *) 
 734 0  clearenv int (void) 
 736 1  exit void (int) __attribute__((noreturn)) 
 737 2  on_exit int (void (*)(int, void *), void *) 
 738 1  quick_exit void (int) __attribute__((noreturn)) 
 739 1  abs int (int) 
 740 1  labs long (long) 
 741 1  llabs long long (long long) 
 742 2  div div_t (int, int) 
 743 2  ldiv ldiv_t (long, long) 
 744 2  lldiv lldiv_t (long long, long long) 
 745 1  srand void (unsigned int) 
 746 3  initstate char *(unsigned int, char *, size_t) 
 747 1  setstate char *(char *) 
 748 0  random long (void) 
 749 2  setstate_r int (char *restrict, struct random_data *restrict) 
 750 2  random_r int (struct random_data *restrict, int32_t *restrict) 
 751 2  srandom_r int (unsigned int, struct random_data *) 
 752 4  initstate_r int (unsigned int, char *restrict, size_t, struct random_data *restrict) 
 753 0  rand int (void) 
 754 1  rand_r int (unsigned int *) 
 757 0  lrand48 long (void) 
 758 1  nrand48 long (unsigned short *) 
 759 0  mrand48 long (void) 
 760 1  jrand48 long (unsigned short *) 
 761 1  srand48 void (long) 
 762 1  seed48 unsigned short *(unsigned short *) 
 763 1  lcong48 void (unsigned short *) 
 766 2  lrand48_r int (struct drand48_data *restrict, long *restrict) 
 767 3  nrand48_r int (unsigned short *, struct drand48_data *restrict, long *restrict) 
 768 2  mrand48_r int (struct drand48_data *restrict, long *restrict) 
 769 3  jrand48_r int (unsigned short *, struct drand48_data *restrict, long *restrict) 
 770 2  srand48_r int (long, struct drand48_data *) 
 771 2  seed48_r int (unsigned short *, struct drand48_data *) 
 772 2  lcong48_r int (unsigned short *, struct drand48_data *) 
 773 3  strtol long (const char *restrict, char **restrict, int) 
 774 3  strtoul unsigned long (const char *restrict, char **restrict, int) 
 775 4  strtol_l long (const char *restrict, char **restrict, int, __locale_t) 
 776 4  strtoul_l unsigned long (const char *restrict, char **restrict, int, __locale_t) 
 783 1  system int (const char *) 
 784 2  realpath char *(const char *restrict, char *restrict) 
 785 1  canonicalize_file_name char *(const char *) 
 786 1  a64l long (const char *) 
 787 1  l64a char *(long) 
 788 3  getsubopt int (char **restrict, char *const *restrict, char **restrict) 
 789 3  strtoimax intmax_t (const char *restrict, char **restrict, int) 
 790 3  strtoumax uintmax_t (const char *restrict, char **restrict, int) 
 791 1  getcontext int (ucontext_t *) 
 792 1  setcontext int (const ucontext_t *) 
 793 3+ makecontext void (ucontext_t *, void (*)(void), int, ...) 
 794 2  swapcontext int (ucontext_t *restrict, const ucontext_t *restrict) 
 795 3+ strfmon ssize_t (char *restrict, size_t, const char *restrict, ...) 
 796 4+ strfmon_l ssize_t (char *restrict, size_t, __locale_t, const char *restrict, ...) 
 797 2  mblen int (const char *, size_t) 
 798 3  mbstowcs size_t (wchar_t *restrict, const char *restrict, size_t) 
 799 3  mbtowc int (wchar_t *restrict, const char *restrict, size_t) 
 800 3  wcstombs size_t (char *restrict, const wchar_t *restrict, size_t) 
 801 2  wctomb int (char *, wchar_t) 
 802 3  wcstoimax intmax_t (const __gwchar_t *restrict, __gwchar_t **restrict, int) 
 803 3  wcstoumax uintmax_t (const __gwchar_t *restrict, __gwchar_t **restrict, int) 
 804 1  rpmatch int (const char *) 
 805 6  fmtmsg int (long, const char *, int, const char *, const char *, const char *) 
 806 2  addseverity int (int, const char *) 
 807 1  ctermid char *(char *) 
 808 1  cuserid char *(char *) 
 809 3  vfprintf int (FILE *restrict, const char *restrict, __va_list_tag *) 
 810 2  vprintf int (const char *, __va_list_tag *) 
 811 3  register_printf_specifier int (int, printf_function *, printf_arginfo_size_function *) 
 812 3  register_printf_function int (int, printf_function *, printf_arginfo_function *) 
 813 3  parse_printf_format size_t (const char *restrict, size_t, int *restrict) 
 814 1  register_printf_modifier int (const wchar_t *) 
 815 1  register_printf_type int (printf_va_arg_function *) 
 816 3  printf_size int (FILE *restrict, const struct printf_info *, const void *const *restrict) 
 817 3  printf_size_info int (const struct printf_info *restrict, size_t, int *restrict) 
 818 2+ fprintf int (FILE *, const char *, ...) 
 819 1+ printf int (const char *, ...) 
 820 3+ snprintf int (char *, unsigned long, const char *, ...) 
 821 2+ sprintf int (char *, const char *, ...) 
 822 2+ asprintf int (char **restrict, const char *restrict, ...) 
 823 2+ dprintf int (int, const char *restrict, ...) 
 824 4  _IO_vfscanf int (_IO_FILE *restrict, const char *restrict, __va_list_tag *, int *restrict) 
 825 3  vfscanf int (FILE *restrict, const char *restrict, __va_list_tag *) 
 826 2+ fscanf int (FILE *restrict, const char *restrict, ...) 
 827 1+ scanf int (const char *restrict, ...) 
 828 2+ sscanf int (const char *restrict, const char *restrict, ...) 
 829 1  perror void (const char *) 
 830 2  psignal void (int, const char *) 
 831 0  tmpfile FILE *(void) 
 832 1  tmpnam char *(char *) 
 833 1  tmpnam_r char *(char *) 
 834 2  tempnam char *(const char *, const char *) 
 835 3  getline __ssize_t (char **restrict, size_t *restrict, FILE *restrict) 
 836 1  getw int (FILE *) 
 837 2  putw int (int, FILE *) 
 838 1  remove int (const char *) 
 839 2  rename int (const char *, const char *) 
 840 4  renameat int (int, const char *, int, const char *) 
 841 1  flockfile void (FILE *) 
 842 1  ftrylockfile int (FILE *) 
 843 1  funlockfile void (FILE *) 
 844 2  psiginfo void (const siginfo_t *, const char *) 
 845 3  vfwprintf int (__FILE *restrict, const wchar_t *restrict, __va_list_tag *) 
 846 3  vfwscanf int (__FILE *restrict, const wchar_t *restrict, __va_list_tag *) 
 847 1  fclose int (FILE *) 
 848 2  fdopen FILE *(int, const char *) 
 849 1  fflush int (FILE *) 
 850 2  fgetpos int (FILE *restrict, fpos_t *restrict) 
 851 3  fgets char *(char *restrict, int, FILE *restrict) 
 852 2  fopen FILE *(const char *restrict, const char *restrict) 
 853 3  fopencookie FILE *(void *restrict, const char *restrict, _IO_cookie_io_functions_t) 
 854 2  fputs int (const char *restrict, FILE *restrict) 
 855 4  fread size_t (void *restrict, size_t, size_t, FILE *restrict) 
 856 2  fsetpos int (FILE *, const fpos_t *) 
 857 1  ftell long (FILE *) 
 858 4  fwrite size_t (const void *restrict, size_t, size_t, FILE *restrict) 
 859 4  getdelim __ssize_t (char **restrict, size_t *restrict, int, FILE *restrict) 
 860 1  gets char *(char *) 
 861 2  popen FILE *(const char *, const char *) 
 862 1  puts int (const char *) 
 863 3  setbuffer void (FILE *restrict, char *restrict, size_t) 
 864 4  setvbuf int (FILE *restrict, char *restrict, int, size_t) 
 865 2  ungetc int (int, FILE *) 
 866 3  vsprintf int (char *, const char *, __va_list_tag *) 
 867 3  vsscanf int (const char *restrict, const char *restrict, __va_list_tag *) 
 868 1  putchar int (int) 
 869 1  putchar_unlocked int (int) 
 870 1  clearerr void (FILE *) 
 871 1  feof int (FILE *) 
 872 1  ferror int (FILE *) 
 873 1  fileno int (FILE *) 
 874 2  fputc int (int, FILE *) 
 875 3  freopen FILE *(const char *restrict, const char *restrict, FILE *restrict) 
 876 3  fseek int (FILE *, long, int) 
 877 1  getc int (FILE *) 
 878 0  getchar int (void) 
 879 2  open_memstream FILE *(char **, size_t *) 
 880 1  pclose int (FILE *) 
 881 2  putc int (int, FILE *) 
 882 1  rewind void (FILE *) 
 883 2  setbuf void (FILE *restrict, char *restrict) 
 884 1  setlinebuf void (FILE *) 
 885 3  vasprintf int (char **restrict, const char *restrict, __va_list_tag *) 
 886 3  vdprintf int (int, const char *restrict, __va_list_tag *) 
 887 2  vscanf int (const char *restrict, __va_list_tag *) 
 888 4  vsnprintf int (char *, unsigned long, const char *, __va_list_tag *) 
 889 3  obstack_vprintf int (struct obstack *restrict, const char *restrict, __va_list_tag *) 
 890 2+ obstack_printf int (struct obstack *restrict, const char *restrict, ...) 
 891 0  fcloseall int (void) 
 892 3  fseeko int (FILE *, __off_t, int) 
 893 1  ftello __off_t (FILE *) 
 894 3  freopen64 FILE *(const char *restrict, const char *restrict, FILE *restrict) 
 895 3  fmemopen FILE *(void *, size_t, const char *) 
 896 1  clearerr_unlocked void (FILE *) 
 897 1  feof_unlocked int (FILE *) 
 898 1  ferror_unlocked int (FILE *) 
 899 2  fputc_unlocked int (int, FILE *) 
 900 1  getc_unlocked int (FILE *) 
 901 0  getchar_unlocked int (void) 
 902 1  fflush_unlocked int (FILE *) 
 903 2  putc_unlocked int (int, FILE *) 
 904 1  _IO_peekc_locked int (_IO_FILE *) 
 905 4  fread_unlocked size_t (void *restrict, size_t, size_t, FILE *restrict) 
 906 4  fwrite_unlocked size_t (const void *restrict, size_t, size_t, FILE *restrict) 
 907 3  fgets_unlocked char *(char *restrict, int, FILE *restrict) 
 908 2  fputs_unlocked int (const char *restrict, FILE *restrict) 
 909 3+ swprintf int (wchar_t *restrict, size_t, const wchar_t *restrict, ...) 
 910 4  vswprintf int (wchar_t *restrict, size_t, const wchar_t *restrict, __va_list_tag *) 
 911 3  vswscanf int (const wchar_t *restrict, const wchar_t *restrict, __va_list_tag *) 
 912 2+ swscanf int (const wchar_t *restrict, const wchar_t *restrict, ...) 
 913 2  open_wmemstream __FILE *(wchar_t **, size_t *) 
 914 2  fputwc wint_t (wchar_t, __FILE *) 
 915 2  fputwc_unlocked wint_t (wchar_t, __FILE *) 
 916 1  getwc wint_t (__FILE *) 
 917 1  getwc_unlocked wint_t (__FILE *) 
 918 0  getwchar wint_t (void) 
 919 0  getwchar_unlocked wint_t (void) 
 920 3  fgetws wchar_t *(wchar_t *restrict, int, __FILE *restrict) 
 921 3  fgetws_unlocked wchar_t *(wchar_t *restrict, int, __FILE *restrict) 
 922 2  fputws int (const wchar_t *restrict, __FILE *restrict) 
 923 2  fputws_unlocked int (const wchar_t *restrict, __FILE *restrict) 
 924 2  ungetwc wint_t (wint_t, __FILE *) 
 925 2  putwc wint_t (wchar_t, __FILE *) 
 926 2  putwc_unlocked wint_t (wchar_t, __FILE *) 
 927 1  putwchar wint_t (wchar_t) 
 928 1  putwchar_unlocked wint_t (wchar_t) 
 929 2+ fwprintf int (__FILE *restrict, const wchar_t *restrict, ...) 
 930 2  vwprintf int (const wchar_t *restrict, __va_list_tag *) 
 931 1+ wprintf int (const wchar_t *restrict, ...) 
 932 1+ wscanf int (const wchar_t *restrict, ...) 
 933 2+ fwscanf int (__FILE *restrict, const wchar_t *restrict, ...) 
 934 2  vwscanf int (const wchar_t *restrict, __va_list_tag *) 
 935 2  fwide int (__FILE *, int) 
 936 1  malloc void *(unsigned long) 
 937 0  malloc_get_state void *(void) 
 938 1  free void (void *) 
 939 2  realloc void *(void *, unsigned long) 
 940 2  memalign void *(size_t, size_t) 
 941 2  calloc void *(unsigned long, unsigned long) 
 942 1  malloc_usable_size size_t (void *) 
 943 2  mallopt int (int, int) 
 944 1  malloc_set_state int (void *) 
 945 1  valloc void *(size_t) 
 946 1  pvalloc void *(size_t) 
 947 1  malloc_trim int (size_t) 
 948 0  mallinfo struct mallinfo (void) 
 949 0  malloc_stats void (void) 
 950 3  posix_memalign int (void **, size_t, size_t) 
 951 2  malloc_info int (int, FILE *) 
 952 0  mcheck_check_all void (void) 
 953 1  mcheck int (void (*)(enum mcheck_status)) 
 954 1  mcheck_pedantic int (void (*)(enum mcheck_status)) 
 955 1  mprobe enum mcheck_status (void *) 
 956 0  tr_break void (void) 
 957 0  mtrace void (void) 
 958 0  muntrace void (void) 
 959 2  strcoll int (const char *, const char *) 
 960 2  strverscmp int (const char *, const char *) 
 961 1  strdup char *(const char *) 
 962 2  strndup char *(const char *, unsigned long) 
 963 1  strerror char *(int) 
 964 3  strerror_r char *(int, char *, size_t) 
 965 1  strlen unsigned long (const char *) 
 966 2  strnlen size_t (const char *, size_t) 
 967 2  rindex char *(const char *, int) 
 968 1  strsignal char *(int) 
 969 2  strtok char *(char *, const char *) 
 970 3  strtok_r char *(char *restrict, const char *restrict, char **restrict) 
 971 3  strxfrm unsigned long (char *, const char *, unsigned long) 
 972 3  memchr void *(const void *, int, unsigned long) 
 973 2  bzero void (void *, unsigned long) 
 974 3  memset void *(void *, int, unsigned long) 
 975 3  bcopy void (const void *, void *, size_t) 
 976 1  ffs int (int) 
 977 1  ffsl int (long) 
 978 4  memccpy void *(void *restrict, const void *restrict, int, size_t) 
 979 2  strsep char *(char **restrict, const char *restrict) 
 980 3  swab void (const void *restrict, void *restrict, ssize_t) 
 981 1  strfry char *(char *) 
 982 2  memfrob void *(void *, size_t) 
 983 4  memmem void *(const void *, size_t, const void *, size_t) 
 984 2  rawmemchr void *(const void *, int) 
 985 2  strchrnul char *(const char *, int) 
 986 4  argz_append error_t (char **restrict, size_t *restrict, const char *restrict, size_t) 
 987 3  argz_add error_t (char **restrict, size_t *restrict, const char *restrict) 
 988 2  argz_count size_t (const char *, size_t) 
 989 3  argz_create error_t (char *const *, char **restrict, size_t *restrict) 
 990 4  argz_create_sep error_t (const char *restrict, int, char **restrict, size_t *restrict) 
 991 3  argz_next char *(const char *restrict, size_t, const char *restrict) 
 992 3  argz_delete void (char **restrict, size_t *restrict, char *restrict) 
 993 3  argz_extract void (const char *restrict, size_t, char **restrict) 
 994 4  argz_insert error_t (char **restrict, size_t *restrict, char *restrict, const char *restrict) 
 995 3  argz_stringify void (char *, size_t, int) 
 996 4  argz_add_sep error_t (char **restrict, size_t *restrict, const char *restrict, int) 
 997 5  argz_replace error_t (char **restrict, size_t *restrict, const char *restrict, const char *restrict, unsigned int *restrict) 
 998 1  basename char *(const char *) 
 999 3  strcoll_l int (const char *, const char *, __locale_t) 
1000 4  strxfrm_l size_t (char *, const char *, size_t, __locale_t) 
1001 3  memrchr void *(const void *, int, size_t) 
1002 2  strerror_l char *(int, __locale_t) 
1003 3  envz_entry char *(const char *restrict, size_t, const char *restrict) 
1004 3  envz_get char *(const char *restrict, size_t, const char *restrict) 
1005 3  envz_remove void (char **restrict, size_t *restrict, const char *restrict) 
1006 4  envz_add error_t (char **restrict, size_t *restrict, const char *restrict, const char *restrict) 
1007 5  envz_merge error_t (char **restrict, size_t *restrict, const char *restrict, size_t, int) 
1008 2  envz_strip void (char **restrict, size_t *restrict) 
1009 3  wmemcpy wchar_t *(wchar_t *restrict, const wchar_t *restrict, size_t) 
1010 3  wmemset wchar_t *(wchar_t *, wchar_t, size_t) 
1011 2  wcscat wchar_t *(wchar_t *restrict, const wchar_t *restrict) 
1012 2  wcschr wchar_t *(const wchar_t *, wchar_t) 
1013 2  wcscmp int (const wchar_t *, const wchar_t *) 
1014 2  wcscspn size_t (const wchar_t *, const wchar_t *) 
1015 1  wcsdup wchar_t *(const wchar_t *) 
1016 1  wcslen size_t (const wchar_t *) 
1017 3  wcsncat wchar_t *(wchar_t *restrict, const wchar_t *restrict, size_t) 
1018 3  wcsncmp int (const wchar_t *, const wchar_t *, size_t) 
1019 3  wcsncpy wchar_t *(wchar_t *restrict, const wchar_t *restrict, size_t) 
1020 2  wcspbrk wchar_t *(const wchar_t *, const wchar_t *) 
1021 2  wcsrchr wchar_t *(const wchar_t *, wchar_t) 
1022 2  wcsspn size_t (const wchar_t *, const wchar_t *) 
1023 3  wcstok wchar_t *(wchar_t *restrict, const wchar_t *restrict, wchar_t **restrict) 
1024 2  wcsstr wchar_t *(const wchar_t *, const wchar_t *) 
1025 3  wmemchr wchar_t *(const wchar_t *, wchar_t, size_t) 
1026 3  wmemmove wchar_t *(wchar_t *, const wchar_t *, size_t) 
1027 2  wcpcpy wchar_t *(wchar_t *restrict, const wchar_t *restrict) 
1028 3  wcpncpy wchar_t *(wchar_t *restrict, const wchar_t *restrict, size_t) 
1029 3  wmempcpy wchar_t *(wchar_t *restrict, const wchar_t *restrict, size_t) 
1030 1  btowc wint_t (int) 
1031 1  wctob int (wint_t) 
1032 1  mbsinit int (const mbstate_t *) 
1033 3  mbrlen size_t (const char *restrict, size_t, mbstate_t *restrict) 
1034 4  mbrtowc size_t (wchar_t *restrict, const char *restrict, size_t, mbstate_t *restrict) 
1035 3  wcrtomb size_t (char *restrict, wchar_t, mbstate_t *restrict) 
1036 4  mbsrtowcs size_t (wchar_t *restrict, const char **restrict, size_t, mbstate_t *restrict) 
1037 4  wcsrtombs size_t (char *restrict, const wchar_t **restrict, size_t, mbstate_t *restrict) 
1038 5  mbsnrtowcs size_t (wchar_t *restrict, const char **restrict, size_t, size_t, mbstate_t *restrict) 
1039 5  wcsnrtombs size_t (char *restrict, const wchar_t **restrict, size_t, size_t, mbstate_t *restrict) 
1040 2  wcsnlen size_t (const wchar_t *, size_t) 
1041 2  wcschrnul wchar_t *(const wchar_t *, wchar_t) 
1042 3  wcstol long (const wchar_t *restrict, wchar_t **restrict, int) 
1043 3  wcstoul unsigned long (const wchar_t *restrict, wchar_t **restrict, int) 
1047 4  wcstol_l long (const wchar_t *restrict, wchar_t **restrict, int, __locale_t) 
1048 4  wcstoul_l unsigned long (const wchar_t *restrict, wchar_t **restrict, int, __locale_t) 
1052 2  wcscoll int (const wchar_t *, const wchar_t *) 
1053 3  wcsxfrm size_t (wchar_t *restrict, const wchar_t *restrict, size_t) 
1054 1  wcwidth int (wchar_t) 
1055 2  wcswidth int (const wchar_t *, size_t) 
1056 3  wcscoll_l int (const wchar_t *, const wchar_t *, __locale_t) 
1057 4  wcsxfrm_l size_t (wchar_t *, const wchar_t *, size_t, __locale_t) 
1058 2  wcscasecmp int (const wchar_t *, const wchar_t *) 
1059 3  wcsncasecmp int (const wchar_t *, const wchar_t *, size_t) 
1060 3  wcscasecmp_l int (const wchar_t *, const wchar_t *, __locale_t) 
1061 4  wcsncasecmp_l int (const wchar_t *, const wchar_t *, size_t, __locale_t) 
1064 2  asctime_r char *(const struct tm *restrict, char *restrict) 
1065 1  asctime char *(const struct tm *) 
1066 0  clock clock_t (void) 
1067 1  ctime char *(const time_t *) 
1068 2  ctime_r char *(const time_t *restrict, char *restrict) 
1070 2  gmtime_r struct tm *(const time_t *restrict, struct tm *restrict) 
1071 1  gmtime struct tm *(const time_t *) 
1072 2  localtime_r struct tm *(const time_t *restrict, struct tm *restrict) 
1073 1  localtime struct tm *(const time_t *) 
1074 1  mktime time_t (struct tm *) 
1075 2  settimeofday int (const struct timeval *, const struct timezone *) 
1076 2  adjtime int (const struct timeval *, struct timeval *) 
1077 0  tzset void (void) 
1078 2  getitimer int (__itimer_which_t, struct itimerval *) 
1079 3  setitimer int (__itimer_which_t, const struct itimerval *restrict, struct itimerval *restrict) 
1080 1  stime int (const time_t *) 
1081 1  dysize int (int) 
1082 1  timegm time_t (struct tm *) 
1083 1  ftime int (struct timeb *) 
1084 2  getdate_r int (const char *restrict, struct tm *restrict) 
1085 1  getdate struct tm *(const char *) 
1086 3  strptime char *(const char *restrict, const char *restrict, struct tm *) 
1087 4  strptime_l char *(const char *restrict, const char *restrict, struct tm *, __locale_t) 
1088 4  strftime size_t (char *restrict, size_t, const char *restrict, const struct tm *restrict) 
1089 5  strftime_l size_t (char *restrict, size_t, const char *restrict, const struct tm *restrict, __locale_t) 
1091 4  wcsftime size_t (wchar_t *restrict, size_t, const wchar_t *restrict, const struct tm *restrict) 
1092 5  wcsftime_l size_t (wchar_t *restrict, size_t, const wchar_t *restrict, const struct tm *restrict, __locale_t) 
1093 1  ntp_gettime int (struct ntptimeval *) 
1094 1  ntp_gettimex int (struct ntptimeval *) 
1095 1  opendir DIR *(const char *) 
1096 1  closedir int (DIR *) 
1097 1  readdir struct dirent *(DIR *) 
1098 3  readdir_r int (DIR *restrict, struct dirent *restrict, struct dirent **restrict) 
1099 1  rewinddir void (DIR *) 
1100 2  seekdir void (DIR *, long) 
1101 1  telldir long (DIR *) 
1102 4  scandir int (const char *restrict, struct dirent ***restrict, int (*)(const struct dirent *), int (*)(const struct dirent **, const struct dirent **)) 
1103 2  alphasort int (const struct dirent **, const struct dirent **) 
1104 2  versionsort int (const struct dirent **, const struct dirent **) 
1105 1  dirfd int (DIR *) 
1106 1  fdopendir DIR *(int) 
1107 5  scandirat int (int, const char *restrict, struct dirent ***restrict, int (*)(const struct dirent *), int (*)(const struct dirent **, const struct dirent **)) 
1108 4  getdirentries __ssize_t (int, char *restrict, size_t, __off_t *restrict) 
1109 1  fgetgrent struct group *(FILE *) 
1110 4  getgrouplist int (const char *, __gid_t, __gid_t *, int *) 
1111 2  initgroups int (const char *, __gid_t) 
1112 2  setgroups int (size_t, const __gid_t *) 
1113 0  getgrent struct group *(void) 
1114 1  getgrgid struct group *(__gid_t) 
1115 1  getgrnam struct group *(const char *) 
1116 2  putgrent int (const struct group *restrict, FILE *restrict) 
1117 0  setgrent void (void) 
1118 0  endgrent void (void) 
1119 4  getgrent_r int (struct group *restrict, char *restrict, size_t, struct group **restrict) 
1120 5  getgrgid_r int (__gid_t, struct group *restrict, char *restrict, size_t, struct group **restrict) 
1121 5  getgrnam_r int (const char *restrict, struct group *restrict, char *restrict, size_t, struct group **restrict) 
1122 5  fgetgrent_r int (FILE *restrict, struct group *restrict, char *restrict, size_t, struct group **restrict) 
1123 1  fgetpwent struct passwd *(FILE *) 
1124 2  getpw int (__uid_t, char *) 
1125 2  putpwent int (const struct passwd *restrict, FILE *restrict) 
1126 0  getpwent struct passwd *(void) 
1127 1  getpwnam struct passwd *(const char *) 
1128 1  getpwuid struct passwd *(__uid_t) 
1129 0  setpwent void (void) 
1130 0  endpwent void (void) 
1131 4  getpwent_r int (struct passwd *restrict, char *restrict, size_t, struct passwd **restrict) 
1132 5  getpwnam_r int (const char *restrict, struct passwd *restrict, char *restrict, size_t, struct passwd **restrict) 
1133 5  getpwuid_r int (__uid_t, struct passwd *restrict, char *restrict, size_t, struct passwd **restrict) 
1134 5  fgetpwent_r int (FILE *restrict, struct passwd *restrict, char *restrict, size_t, struct passwd **restrict) 
1135 1  uname int (struct utsname *) 
1136 1  times clock_t (struct tms *) 
1137 1  wait __pid_t (__WAIT_STATUS) 
1138 3  waitpid __pid_t (__pid_t, int *, int) 
1139 3  wait3 __pid_t (__WAIT_STATUS, int, struct rusage *) 
1140 4  wait4 __pid_t (__pid_t, __WAIT_STATUS, int, struct rusage *) 
1141 4  waitid int (idtype_t, __id_t, siginfo_t *, int) 
1142 1  alarm unsigned int (unsigned int) 
1143 1  sleep unsigned int (unsigned int) 
1144 0  pause int (void) 
1145 2  nanosleep int (const struct timespec *, struct timespec *) 
1146 0  fork __pid_t (void) 
1147 0  vfork int (void) 
1148 1  _Exit void (int) __attribute__((noreturn)) 
1149 3  execve int (const char *, char *const *, char *const *) 
1150 3  fexecve int (int, char *const *, char *const *) 
1151 2  execv int (const char *, char *const *) 
1152 2+ execle int (const char *, const char *, ...) 
1153 2+ execl int (const char *, const char *, ...) 
1154 2  execvp int (const char *, char *const *) 
1155 2+ execlp int (const char *, const char *, ...) 
1156 3  execvpe int (const char *, char *const *, char *const *) 
1157 0  getpid __pid_t (void) 
1158 0  getppid __pid_t (void) 
1159 0  getuid __uid_t (void) 
1160 0  geteuid __uid_t (void) 
1161 0  getgid __gid_t (void) 
1162 0  getegid __gid_t (void) 
1163 2  getgroups int (int, __gid_t *) 
1164 1  setuid int (__uid_t) 
1165 1  setgid int (__gid_t) 
1166 1  group_member int (__gid_t) 
1167 1  getpgid __pid_t (__pid_t) 
1168 2  setpgid int (__pid_t, __pid_t) 
1169 0  getpgrp __pid_t (void) 
1170 0  setpgrp int (void) 
1171 1  getsid __pid_t (__pid_t) 
1172 0  setsid __pid_t (void) 
1173 3  getresuid int (__uid_t *, __uid_t *, __uid_t *) 
1174 3  getresgid int (__gid_t *, __gid_t *, __gid_t *) 
1175 3  setresuid int (__uid_t, __uid_t, __uid_t) 
1176 3  setresgid int (__gid_t, __gid_t, __gid_t) 
1177 2  pathconf long (const char *, int) 
1178 1  sysconf long (int) 
1179 2  fpathconf long (int, int) 
1180 1  globfree void (glob_t *) 
1181 4  glob int (const char *restrict, int, int (*)(const char *, int), glob_t *restrict) 
1182 2  glob_pattern_p int (const char *, int) 
1183 3  fnmatch int (const char *, const char *, int) 
1184 3  confstr size_t (int, char *, size_t) 
1185 3  getopt int (int, char *const *, const char *) 
1186 5  getopt_long int (int, char *const *, const char *, const struct option *, int *) 
1187 5  getopt_long_only int (int, char *const *, const char *, const struct option *, int *) 
1188 2  sched_setparam int (__pid_t, const struct sched_param *) 
1189 2  sched_getparam int (__pid_t, struct sched_param *) 
1190 3  sched_setscheduler int (__pid_t, int, const struct sched_param *) 
1191 1  sched_getscheduler int (__pid_t) 
1192 0  sched_yield int (void) 
1193 1  sched_get_priority_max int (int) 
1194 1  sched_get_priority_min int (int) 
1195 2  sched_rr_get_interval int (__pid_t, struct timespec *) 
1196 3  sched_getaffinity int (__pid_t, size_t, cpu_set_t *) 
1197 3  sched_setaffinity int (__pid_t, size_t, const cpu_set_t *) 
1198 4  pread ssize_t (int, void *, size_t, __off_t) 
1199 4  pwrite ssize_t (int, const void *, size_t, __off_t) 
1200 3  posix_madvise int (void *, size_t, int) 
1201 4  getaddrinfo int (const char *restrict, const char *restrict, const struct addrinfo *restrict, struct addrinfo **restrict) 
1202 1  freeaddrinfo void (struct addrinfo *) 
1203 1  gai_strerror const char *(int) 
1204 3  re_compile_pattern const char *(const char *, size_t, struct re_pattern_buffer *) 
1205 1  re_set_syntax reg_syntax_t (reg_syntax_t) 
1206 1  re_compile_fastmap int (struct re_pattern_buffer *) 
1207 3  regcomp int (regex_t *restrict, const char *restrict, int) 
1208 4  regerror size_t (int, const regex_t *restrict, char *restrict, size_t) 
1209 1  regfree void (regex_t *) 
1210 1  re_comp char *(const char *) 
1211 5  regexec int (const regex_t *restrict, const char *restrict, size_t, regmatch_t *restrict, int) 
1212 5  re_match int (struct re_pattern_buffer *, const char *, int, int, struct re_registers *) 
1213 6  re_search int (struct re_pattern_buffer *, const char *, int, int, int, struct re_registers *) 
1216 5  re_set_registers void (struct re_pattern_buffer *, struct re_registers *, unsigned int, regoff_t *, regoff_t *) 
1217 1  re_exec int (const char *) 
1218 1  posix_spawn_file_actions_init int (posix_spawn_file_actions_t *) 
1219 1  posix_spawn_file_actions_destroy int (posix_spawn_file_actions_t *) 
1220 2  posix_spawn_file_actions_addclose int (posix_spawn_file_actions_t *, int) 
1221 5  posix_spawn_file_actions_addopen int (posix_spawn_file_actions_t *restrict, int, const char *restrict, int, mode_t) 
1222 3  posix_spawn_file_actions_adddup2 int (posix_spawn_file_actions_t *, int, int) 
1223 1  posix_spawnattr_init int (posix_spawnattr_t *) 
1224 1  posix_spawnattr_destroy int (posix_spawnattr_t *) 
1225 2  posix_spawnattr_getsigdefault int (const posix_spawnattr_t *restrict, sigset_t *restrict) 
1226 2  posix_spawnattr_setsigdefault int (posix_spawnattr_t *restrict, const sigset_t *restrict) 
1227 2  posix_spawnattr_getflags int (const posix_spawnattr_t *restrict, short *restrict) 
1228 2  posix_spawnattr_setflags int (posix_spawnattr_t *, short) 
1229 2  posix_spawnattr_getpgroup int (const posix_spawnattr_t *restrict, pid_t *restrict) 
1230 2  posix_spawnattr_setpgroup int (posix_spawnattr_t *, pid_t) 
1231 6  posix_spawn int (pid_t *restrict, const char *restrict, const posix_spawn_file_actions_t *restrict, const posix_spawnattr_t *restrict, char *const *restrict, char *const *restrict) 
1232 6  posix_spawnp int (pid_t *, const char *, const posix_spawn_file_actions_t *, const posix_spawnattr_t *, char *const *, char *const *) 
1233 2  posix_spawnattr_getsigmask int (const posix_spawnattr_t *restrict, sigset_t *restrict) 
1234 2  posix_spawnattr_getschedpolicy int (const posix_spawnattr_t *restrict, int *restrict) 
1235 2  posix_spawnattr_getschedparam int (const posix_spawnattr_t *restrict, struct sched_param *restrict) 
1236 2  posix_spawnattr_setsigmask int (posix_spawnattr_t *restrict, const sigset_t *restrict) 
1237 2  posix_spawnattr_setschedpolicy int (posix_spawnattr_t *, int) 
1238 2  posix_spawnattr_setschedparam int (posix_spawnattr_t *restrict, const struct sched_param *restrict) 
1239 1  wordfree void (wordexp_t *) 
1240 3  wordexp int (const char *restrict, wordexp_t *restrict, int) 
1241 0  sched_getcpu int (void) 
1242 2  utime int (const char *, const struct utimbuf *) 
1243 2  mkfifo int (const char *, __mode_t) 
1244 3  mkfifoat int (int, const char *, __mode_t) 
1245 2  statfs int (const char *, struct statfs *) 
1246 2  fstatfs int (int, struct statfs *) 
1247 2  statvfs int (const char *restrict, struct statvfs *restrict) 
1248 2  fstatvfs int (int, struct statvfs *) 
1249 1  umask __mode_t (__mode_t) 
1250 2  chmod int (const char *, __mode_t) 
1251 2  fchmod int (int, __mode_t) 
1252 4  fchmodat int (int, const char *, __mode_t, int) 
1253 2  mkdir int (const char *, __mode_t) 
1254 3  mkdirat int (int, const char *, __mode_t) 
1255 2+ open int (const char *, int, ...) 
1256 3+ openat int (int, const char *, int, ...) 
1257 3  read ssize_t (int, void *, size_t) 
1258 3  write ssize_t (int, const void *, size_t) 
1259 2  access int (const char *, int) 
1260 2  eaccess int (const char *, int) 
1261 4  faccessat int (int, const char *, int, int) 
1262 2+ fcntl int (int, int, ...) 
1263 2  flock int (int, int) 
1264 3  lockf int (int, int, off_t) 
1265 1  close int (int) 
1266 1  dup int (int) 
1267 2  dup2 int (int, int) 
1268 3  dup3 int (int, int, int) 
1269 1  pipe int (int *) 
1270 2  pipe2 int (int *, int) 
1271 2  creat int (const char *, mode_t) 
1272 1  chdir int (const char *) 
1273 1  fchdir int (int) 
1274 2  getcwd char *(char *, size_t) 
1275 1  getwd char *(char *) 
1276 0  get_current_dir_name char *(void) 
1277 3  chown int (const char *, __uid_t, __gid_t) 
1278 3  fchown int (int, __uid_t, __gid_t) 
1279 3  lchown int (const char *, __uid_t, __gid_t) 
1280 5  fchownat int (int, const char *, __uid_t, __gid_t, int) 
1281 1  ttyname char *(int) 
1282 3  ttyname_r int (int, char *, size_t) 
1283 1  isatty int (int) 
1284 2  link int (const char *, const char *) 
1285 5  linkat int (int, const char *, int, const char *, int) 
1286 2  symlink int (const char *, const char *) 
1287 3  symlinkat int (const char *, int, const char *) 
1288 3  readlink ssize_t (const char *restrict, char *restrict, size_t) 
1289 4  readlinkat ssize_t (int, const char *restrict, char *restrict, size_t) 
1290 1  unlink int (const char *) 
1291 3  unlinkat int (int, const char *, int) 
1292 1  rmdir int (const char *) 
1293 3  poll int (struct pollfd *, nfds_t, int) 
1294 4  ppoll int (struct pollfd *, nfds_t, const struct timespec *, const __sigset_t *) 
1295 4  posix_fadvise int (int, off_t, off_t, int) 
1296 3  posix_fallocate int (int, off_t, off_t) 
1297 4  sendfile ssize_t (int, int, off_t *, size_t) 
1298 4  utimensat int (int, const char *, const struct timespec *, int) 
1299 2  futimens int (int, const struct timespec *) 
1300 2  lchmod int (const char *, __mode_t) 
1301 3  ftw int (const char *, __ftw_func_t, int) 
1302 4  nftw int (const char *, __nftw_func_t, int, int) 
1303 3  fts_open FTS *(char *const *, int, int (*)(const FTSENT **, const FTSENT **)) 
1304 1  fts_close int (FTS *) 
1305 1  fts_read FTSENT *(FTS *) 
1306 3  fts_set int (FTS *, FTSENT *, int) 
1307 2  fts_children FTSENT *(FTS *, int) 
1308 4  sync_file_range int (int, __off64_t, __off64_t, unsigned int) 
1309 4  fallocate int (int, int, __off_t, __off_t) 
1310 1  cfgetospeed speed_t (const struct termios *) 
1311 1  cfgetispeed speed_t (const struct termios *) 
1312 2  cfsetospeed int (struct termios *, speed_t) 
1313 2  cfsetispeed int (struct termios *, speed_t) 
1314 2  cfsetspeed int (struct termios *, speed_t) 
1315 3  tcsetattr int (int, int, const struct termios *) 
1316 2  tcgetattr int (int, struct termios *) 
1317 1  tcgetpgrp __pid_t (int) 
1318 2  tcsetpgrp int (int, __pid_t) 
1319 1  tcdrain int (int) 
1320 2  tcflow int (int, int) 
1321 2  tcflush int (int, int) 
1322 2  tcsendbreak int (int, int) 
1323 1  cfmakeraw void (struct termios *) 
1324 1  tcgetsid __pid_t (int) 
1325 2  getrlimit int (__rlimit_resource_t, struct rlimit *) 
1326 2  setrlimit int (__rlimit_resource_t, const struct rlimit *) 
1327 2  getrusage int (__rusage_who_t, struct rusage *) 
1328 1+ ulimit long (int, ...) 
1329 2  vlimit int (enum __vlimit_resource, int) 
1330 2  vtimes int (struct vtimes *, struct vtimes *) 
1331 2  getpriority int (__priority_which_t, id_t) 
1332 3  setpriority int (__priority_which_t, id_t, int) 
1333 1  nice int (int) 
1334 1  brk int (void *) 
1335 1  sbrk void *(intptr_t) 
1336 1  sstk void *(int) 
1337 2+ ioctl int (int, unsigned long, ...) 
1338 3  readv ssize_t (int, const struct iovec *, int) 
1339 3  writev ssize_t (int, const struct iovec *, int) 
1340 4  preadv ssize_t (int, const struct iovec *, int, __off_t) 
1341 4  pwritev ssize_t (int, const struct iovec *, int, __off_t) 
1342 2  setreuid int (__uid_t, __uid_t) 
1343 2  setregid int (__gid_t, __gid_t) 
1344 1  seteuid int (__uid_t) 
1345 1  setegid int (__gid_t) 
1346 0  getpagesize int (void) 
1347 0  getdtablesize int (void) 
1348 2  gethostname int (char *, size_t) 
1349 2  sethostname int (const char *, size_t) 
1350 2  getdomainname int (char *, size_t) 
1351 2  setdomainname int (const char *, size_t) 
1352 5  select int (int, fd_set *restrict, fd_set *restrict, fd_set *restrict, struct timeval *restrict) 
1353 6  pselect int (int, fd_set *restrict, fd_set *restrict, fd_set *restrict, const struct timespec *restrict, const __sigset_t *restrict) 
1354 1  acct int (const char *) 
1355 1  chroot int (const char *) 
1356 1  fsync int (int) 
1357 0  sync void (void) 
1358 1  fdatasync int (int) 
1359 1  syncfs int (int) 
1360 1  reboot int (int) 
1361 0  gethostid long (void) 
1362 1  sethostid int (long) 
1363 0  vhangup int (void) 
1364 2  swapon int (const char *, int) 
1365 1  swapoff int (const char *) 
1366 1  mktemp char *(char *) 
1367 1  mkstemp int (char *) 
1368 1  mkdtemp char *(char *) 
1369 2  mkostemp int (char *, int) 
1370 2  mkstemps int (char *, int) 
1371 3  mkostemps int (char *, int, int) 
1372 2  ualarm __useconds_t (__useconds_t, __useconds_t) 
1373 1  usleep int (__useconds_t) 
1374 2  gtty int (int, struct sgttyb *) 
1375 2  stty int (int, const struct sgttyb *) 
1376 1+ ptrace long (enum __ptrace_request, ...) 
1377 1  getmntent struct mntent *(FILE *) 
1378 2  setmntent FILE *(const char *, const char *) 
1379 1  endmntent int (FILE *) 
1380 4  getmntent_r struct mntent *(FILE *restrict, struct mntent *restrict, char *restrict, int) 
1381 2  addmntent int (FILE *restrict, const struct mntent *restrict) 
1382 2  hasmntopt char *(const struct mntent *, const char *) 
1383 2  utimes int (const char *, const struct timeval *) 
1384 2  lutimes int (const char *, const struct timeval *) 
1385 2  futimes int (int, const struct timeval *) 
1386 3  futimesat int (int, const char *, const struct timeval *) 
1387 2  truncate int (const char *, __off_t) 
1388 2  ftruncate int (int, __off_t) 
1389 2  insque void (void *, void *) 
1390 1  remque void (void *) 
1391 0  getttyent struct ttyent *(void) 
1392 1  getttynam struct ttyent *(const char *) 
1393 0  setttyent int (void) 
1394 0  endttyent int (void) 
1395 0  getusershell char *(void) 
1396 0  endusershell void (void) 
1397 0  setusershell void (void) 
1398 1  getpass char *(const char *) 
1399 0  ttyslot int (void) 
1400 2  _f1 int (int, unsigned)
1401 4  _f2 int (int, int, int, int)
1402 2  frexpf float (float, int *)
1403 2  frexp  double (double, int *)
1404 1  _isalpha int (int)
1405 1  _isdigit int (int)
1406 1  _isalnum int (int)
1407 3  strtoll int (char *, char **, int)
1408 1  myatol long (const char *) 
1409 3  mystrtol_1 long (const char *restrict, char **restrict, int) 
1410 4  f1 int ( mbedtls_arc4_context *ctx, size_t length, const unsigned char *input,unsigned char *output )
1411 4  f2 int (RC4_KEY *key, size_t len, const unsigned char *indata, unsigned char *outdata)
1410 3  f1 int (struct1 *, const unsigned char *, int)
1411 3  f2 int (struct2 *, int, const unsigned char *)
1412 3  f1 long (int** A, int** B, int** C)   
1413 3  f2 long (int **a, int **b, int **c)