2 1 16 3  hcreate_r int (size_t, struct hsearch_data *) 
1 0 16 3  hdestroy_r void (struct hsearch_data *) 
2 1 32 4  ustat int (__dev_t, struct ustat *) 
1 0 208 20 adjtimex int (struct timex *) 
2 1 208 20  clock_adjtime int (__clockid_t, struct timex *) 
4 3 12 2  epoll_ctl int (int, int, int, struct epoll_event *) 
4 1 12 2 epoll_wait int (int, struct epoll_event *, int, int) 
1 0 112 10  sysinfo int (struct sysinfo *) 
4 1 16 2   vmsplice ssize_t (int, const struct iovec *, size_t, unsigned int) 
2 1 32 2  timerfd_gettime int (int, struct itimerspec *) 
3 1 8 3  open_by_handle_at int (int, struct file_handle *, int) 
3 1 56 7  recvmsg ssize_t (int, struct msghdr *, int) 
3 1 56 7  sendmsg ssize_t (int, const struct msghdr *, int) 
4 1 62 2  sendmmsg int (int, struct mmsghdr *, unsigned int, int) 
3 2 120 8  msgctl int (int, int, struct msqid_ds *) 
3 1 6 3  semop int (int, struct sembuf *, size_t) 
3 2 112 8  shmctl int (int, int, struct shmid_ds *) 
1 0 96 14  argp_usage void (const struct argp_state *) 
3 2 4 1  pthread_setschedparam int (pthread_t, int, const struct sched_param *) 
1 0 16 2  if_freenameindex void (struct if_nameindex *) 
1 0 56 7  freeifaddrs void (struct ifaddrs *) 
6 5 4 1  setipv4sourcefilter int (int, struct in_addr, struct in_addr, uint32_t, uint32_t, const struct in_addr *) 
2 1 16 4  bindresvport int (int, struct sockaddr_in *) 
1 0 104 3  key_setnet int (struct key_netstarg *) 
4 0 16 4  pmap_getport u_short (struct sockaddr_in *, const u_long, const u_long, u_int) 
2 0 8 3  svc_getreq_poll void (struct pollfd *, const int) 
1 0 200 3  setjmp int (struct __jmp_buf_tag *) 
1 0 200 3  _setjmp int (struct __jmp_buf_tag *) 
1 0 256 2  sigreturn int (struct sigcontext *) 
2 1 48 7  srandom_r int (unsigned int, struct random_data *) 
2 1 24 5  srand48_r int (long, struct drand48_data *) 
1 0 56 11  mktime time_t (struct tm *) 
2 1 32 2  getitimer int (__itimer_which_t, struct itimerval *) 
1 0 56 11  timegm time_t (struct tm *) 
1 0 16 4  ftime int (struct timeb *) 
1 0 72 8  ntp_gettime int (struct ntptimeval *) 
1 0 72 8  ntp_gettimex int (struct ntptimeval *) 
1 0 390 6  uname int (struct utsname *) 
1 0 32 4  times clock_t (struct tms *) 
3 1 144 16  wait3 __pid_t (__WAIT_STATUS, int, struct rusage *) 
4 2 144 16  wait4 __pid_t (__pid_t, __WAIT_STATUS, int, struct rusage *) 
2 1 4 1  sched_setparam int (__pid_t, const struct sched_param *) 
2 1 4 1  sched_getparam int (__pid_t, struct sched_param *) 
3 2 4 1  sched_setscheduler int (__pid_t, int, const struct sched_param *) 
2 1 16 2  sched_rr_get_interval int (__pid_t, struct timespec *) 
1 0 48 8  freeaddrinfo void (struct addrinfo *) 
1 0 64 14  re_compile_fastmap int (struct re_pattern_buffer *) 
2 1 120 10  fstatfs int (int, struct statfs *) 
2 0 112 12  fstatvfs int (int, struct statvfs *) 
3 0 8 3  poll int (struct pollfd *, nfds_t, int) 
2 1 16 2  futimens int (int, const struct timespec *) 
1 0 60 6  cfgetospeed speed_t (const struct termios *) 
1 0 60 6  cfgetispeed speed_t (const struct termios *) 
2 0 60 6  cfsetospeed int (struct termios *, speed_t) 
2 0 60 6  cfsetispeed int (struct termios *, speed_t) 
2 0 60 6  cfsetspeed int (struct termios *, speed_t) 
3 2 60 6  tcsetattr int (int, int, const struct termios *) 
2 1 60 6  tcgetattr int (int, struct termios *) 
1 0 60 6  cfmakeraw void (struct termios *) 
2 1 16 2  getrlimit int (__rlimit_resource_t, struct rlimit *) 
2 1 16 2  setrlimit int (__rlimit_resource_t, const struct rlimit *) 
2 1 144 16  getrusage int (__rusage_who_t, struct rusage *) 
3 1 16 2  readv ssize_t (int, const struct iovec *, int) 
3 1 16 2  writev ssize_t (int, const struct iovec *, int) 
4 1 16 2  preadv ssize_t (int, const struct iovec *, int, __off_t) 
4 1 16 2  pwritev ssize_t (int, const struct iovec *, int, __off_t) 
2 1 8 3  gtty int (int, struct sgttyb *) 
2 1 8 3  stty int (int, const struct sgttyb *) 
2 1 16 2  futimes int (int, const struct timeval *) 
2 0 16 4  f1_sf int (struct1 *, int) 
2 1 16 4  f2_sf int (int, struct2 *) 
